******************************************************************************
                  TI ARM Linker PC v20.2.7                     
******************************************************************************
>> Linked Fri Feb 13 14:06:17 2026

OUTPUT FILE NAME:   <Lab2.out>
ENTRY POINT SYMBOL: "_c_int00_noargs"  address: 000037fd


MEMORY CONFIGURATION

         name            origin    length      used     unused   attr    fill
----------------------  --------  ---------  --------  --------  ----  --------
  FLASH                 00000000   00040000  00003b84  0003c47c  R  X
  SRAM                  20000000   00008000  00002311  00005cef  RW X


SEGMENT ALLOCATION MAP

run origin  load origin   length   init length attrs members
----------  ----------- ---------- ----------- ----- -------
00000000    00000000    00003b88   00003b88    r-x
  00000000    00000000    0000026c   0000026c    r-- .intvecs
  0000026c    0000026c    000037b0   000037b0    r-x .text
  00003a1c    00003a1c    00000118   00000118    r-- .const
  00003b38    00003b38    00000050   00000050    r-- .cinit
20000000    20000000    00002315   00000000    rw-
  20000000    20000000    0000026c   00000000    rw- .vtable
  20000270    20000270    00001000   00000000    rw- .stack
  20001270    20001270    00001000   00000000    rw- .sysmem
  20002270    20002270    00000070   00000000    rw- .bss
  200022e0    200022e0    00000035   00000000    rw- .data


SECTION ALLOCATION MAP

 output                                  attributes/
section   page    origin      length       input sections
--------  ----  ----------  ----------   ----------------
.intvecs   0    00000000    0000026c     
                  00000000    0000026c     tm4c123gh6pm_startup_ccs.obj (.intvecs)

.text      0    0000026c    000037b0     
                  0000026c    00000c20     open_interface.obj (.text)
                  00000e8c    00000a4e     rtsv7M4_T_le_v4SPD16_eabi.lib : _printfi.c.obj (.text:__TI_printfi)
                  000018da    00000002                                   : _lock.c.obj (.text:_nop)
                  000018dc    00000364     movement.obj (.text)
                  00001c40    00000328     lcd.obj (.text)
                  00001f68    00000270     rtsv7M4_T_le_v4SPD16_eabi.lib : _printfi.c.obj (.text:_pconv_a)
                  000021d8    00000248     Timer.obj (.text)
                  00002420    000001d0     rtsv7M4_T_le_v4SPD16_eabi.lib : _printfi.c.obj (.text:_pconv_g)
                  000025f0    000001b6                                   : fd_add_t2.asm.obj (.text)
                  000027a6    00000002                                   : div0.asm.obj (.text)
                  000027a8    0000013c                                   : _printfi.c.obj (.text:_pconv_e)
                  000028e4    00000136                                   : fd_div_t2.asm.obj (.text)
                  00002a1a    00000002     --HOLE-- [fill = 0]
                  00002a1c    00000124                                   : _printfi.c.obj (.text:fcvt)
                  00002b40    00000110                                   : s_scalbn.c.obj (.text:scalbn)
                  00002c50    00000100                                   : memory.c.obj (.text:aligned_alloc)
                  00002d50    000000fc                                   : fd_mul_t2.asm.obj (.text)
                  00002e4c    000000e4                                   : memory.c.obj (.text:free)
                  00002f30    000000b1                                   : _printfi.c.obj (.text:_ltostr)
                  00002fe1    00000001     --HOLE-- [fill = 0]
                  00002fe2    0000009c                                   : memcpy_t2.asm.obj (.text)
                  0000307e    00000096                                   : ull_div_t2.asm.obj (.text)
                  00003114    00000086                                   : fd_cmp_t2.asm.obj (.text:__aeabi_cdcmple)
                  0000319a    00000086                                   : fd_cmp_t2.asm.obj (.text:__aeabi_cdrcmple)
                  00003220    0000007a                                   : memset_t2.asm.obj (.text)
                  0000329a    00000002     --HOLE-- [fill = 0]
                  0000329c    00000070                                   : memory.c.obj (.text:split)
                  0000330c    0000006e                                   : _printfi.c.obj (.text:_mcpy)
                  0000337a    0000006e                                   : fd_tos_t2.asm.obj (.text)
                  000033e8    00000068                                   : copy_decompress_lzss.c.obj (.text:decompress:lzss:__TI_decompress_lzss)
                  00003450    00000064                                   : s_frexp.c.obj (.text:frexp)
                  000034b4    00000056                                   : _printfi.c.obj (.text:_pconv_f)
                  0000350a    00000054                                   : _ltoa.c.obj (.text:__TI_ltoa)
                  0000355e    00000052                                   : _printfi.c.obj (.text:_ecpy)
                  000035b0    00000050     main.obj (.text)
                  00003600    0000004c     rtsv7M4_T_le_v4SPD16_eabi.lib : atoi.c.obj (.text:atoi)
                  0000364c    00000048                                   : fd_toi_t2.asm.obj (.text)
                  00003694    00000044                                   : autoinit.c.obj (.text:__TI_auto_init_nobinit_nopinit:__TI_auto_init_nobinit_nopinit)
                  000036d8    00000040                                   : vsnprintf.c.obj (.text:vsnprintf)
                  00003718    0000003e                                   : _printfi.c.obj (.text:_fcpy)
                  00003756    00000002     --HOLE-- [fill = 0]
                  00003758    00000038                                   : memory.c.obj (.text:calloc)
                  00003790    00000038                                   : fs_tod_t2.asm.obj (.text)
                  000037c8    00000034     driverlib.lib : interrupt.obj (.text:IntRegister)
                  000037fc    00000034     rtsv7M4_T_le_v4SPD16_eabi.lib : boot_cortex_m.c.obj (.text:_c_int00_noargs:_c_int00_noargs)
                  00003830    00000030                                   : vsnprintf.c.obj (.text:_outs)
                  00003860    0000002e                                   : i_tofd_t2.asm.obj (.text)
                  0000388e    00000002     --HOLE-- [fill = 0]
                  00003890    00000028                                   : memory.c.obj (.text:free_list_insert)
                  000038b8    0000001c                                   : copy_zero_init.c.obj (.text:decompress:ZI:__TI_zero_init_nomemset:__TI_zero_init_nomemset)
                  000038d4    0000001c                                   : memory.c.obj (.text:free_list_remove)
                  000038f0    0000001c                                   : memccpy.c.obj (.text:memccpy)
                  0000390c    0000001a                                   : s_copysign.c.obj (.text:copysign)
                  00003926    00000018                                   : vsnprintf.c.obj (.text:_outc)
                  0000393e    00000018     open_interface.obj (.text:oi_parseInt)
                  00003956    00000018     rtsv7M4_T_le_v4SPD16_eabi.lib : strcmp.c.obj (.text:strcmp)
                  0000396e    00000016                                   : strchr.c.obj (.text:strchr)
                  00003984    00000014                                   : strcpy.c.obj (.text:strcpy)
                  00003998    00000014                                   : strlen.c.obj (.text:strlen)
                  000039ac    00000012                                   : wcslen.c.obj (.text:wcslen)
                  000039be    00000010     driverlib.lib : interrupt.obj (.text:IntMasterEnable)
                  000039ce    00000010     lcd.obj (.text:lcd_clear)
                  000039de    0000000e     rtsv7M4_T_le_v4SPD16_eabi.lib : copy_decompress_none.c.obj (.text:decompress:none:__TI_decompress_none)
                  000039ec    0000000c     driverlib.lib : cpu.obj (.text:CPUcpsie)
                  000039f8    0000000c     tm4c123gh6pm_startup_ccs.obj (.text)
                  00003a04    00000008     rtsv7M4_T_le_v4SPD16_eabi.lib : errno.c.obj (.text:__aeabi_errno_addr)
                  00003a0c    00000008                                   : memory.c.obj (.text:malloc)
                  00003a14    00000004                                   : pre_init.c.obj (.text:_system_pre_init)
                  00003a18    00000004                                   : exit.c.obj (.text:abort:abort)

.const     0    00003a1c    00000118     
                  00003a1c    00000101     rtsv7M4_T_le_v4SPD16_eabi.lib : ctype.c.obj (.const:.string:_ctypes_)
                  00003b1d    0000000f     open_interface.obj (.const:.string:$P$T0$3)
                  00003b2c    00000004     lcd.obj (.const:.string:lineAddress$1)
                  00003b30    00000004     lcd.obj (.const:.string:lineAddresses$2)

.cinit     0    00003b38    00000050     
                  00003b38    00000018     (.cinit..data.load) [load image, compression = lzss]
                  00003b50    0000000c     (__TI_handler_table)
                  00003b5c    00000004     --HOLE-- [fill = 0]
                  00003b60    00000008     (.cinit..bss.load) [load image, compression = zero_init]
                  00003b68    00000008     (.cinit..vtable.load) [load image, compression = zero_init]
                  00003b70    00000018     (__TI_cinit_table)

.init_array 
*          0    00000000    00000000     UNINITIALIZED

.vtable    0    20000000    0000026c     UNINITIALIZED
                  20000000    0000026c     driverlib.lib : interrupt.obj (.vtable)

.stack     0    20000270    00001000     UNINITIALIZED
                  20000270    00000004     rtsv7M4_T_le_v4SPD16_eabi.lib : boot_cortex_m.c.obj (.stack)
                  20000274    00000ffc     --HOLE--

.sysmem    0    20001270    00001000     UNINITIALIZED
                  20001270    00000010     rtsv7M4_T_le_v4SPD16_eabi.lib : memory.c.obj (.sysmem)
                  20001280    00000ff0     --HOLE--

.bss       0    20002270    00000070     UNINITIALIZED
                  20002270    00000054     lcd.obj (.bss:lastbuffer$3)
                  200022c4    00000018     open_interface.obj (.bss:firmware$2)
                  200022dc    00000004     (.common:_timeout_ticks)

.data      0    200022e0    00000035     UNINITIALIZED
                  200022e0    00000020     open_interface.obj (.data)
                  20002300    00000008     rtsv7M4_T_le_v4SPD16_eabi.lib : _lock.c.obj (.data:$O1$$)
                  20002308    00000008                                   : memory.c.obj (.data:$O1$$)
                  20002310    00000004                                   : errno.c.obj (.data)
                  20002314    00000001     Timer.obj (.data)

__llvm_prf_cnts 
*          0    20000000    00000000     UNINITIALIZED

MODULE SUMMARY

       Module                         code    ro data   rw data
       ------                         ----    -------   -------
    .\
       open_interface.obj             3128    15        56     
       lcd.obj                        824     8         84     
       movement.obj                   868     0         0      
       tm4c123gh6pm_startup_ccs.obj   12      620       0      
       Timer.obj                      584     0         5      
       main.obj                       80      0         0      
    +--+------------------------------+-------+---------+---------+
       Total:                         5496    643       145    
                                                               
    C:/ti/TivaWare_C_Series-2.2.0.295/driverlib/ccs/Debug/driverlib.lib
       interrupt.obj                  68      0         620    
       cpu.obj                        12      0         0      
    +--+------------------------------+-------+---------+---------+
       Total:                         80      0         620    
                                                               
    C:\ti\ccs1271\ccs\tools\compiler\ti-cgt-arm_20.2.7.LTS\lib\rtsv7M4_T_le_v4SPD16_eabi.lib
       _printfi.c.obj                 4851    0         0      
       memory.c.obj                   728     0         8      
       fd_add_t2.asm.obj              438     0         0      
       fd_div_t2.asm.obj              310     0         0      
       s_scalbn.c.obj                 272     0         0      
       fd_cmp_t2.asm.obj              268     0         0      
       ctype.c.obj                    0       257       0      
       fd_mul_t2.asm.obj              252     0         0      
       memcpy_t2.asm.obj              156     0         0      
       ull_div_t2.asm.obj             150     0         0      
       vsnprintf.c.obj                136     0         0      
       memset_t2.asm.obj              122     0         0      
       fd_tos_t2.asm.obj              110     0         0      
       copy_decompress_lzss.c.obj     104     0         0      
       s_frexp.c.obj                  100     0         0      
       _ltoa.c.obj                    84      0         0      
       atoi.c.obj                     76      0         0      
       fd_toi_t2.asm.obj              72      0         0      
       autoinit.c.obj                 68      0         0      
       fs_tod_t2.asm.obj              56      0         0      
       boot_cortex_m.c.obj            52      0         0      
       i_tofd_t2.asm.obj              46      0         0      
       copy_zero_init.c.obj           28      0         0      
       memccpy.c.obj                  28      0         0      
       s_copysign.c.obj               26      0         0      
       strcmp.c.obj                   24      0         0      
       strchr.c.obj                   22      0         0      
       strcpy.c.obj                   20      0         0      
       strlen.c.obj                   20      0         0      
       wcslen.c.obj                   18      0         0      
       copy_decompress_none.c.obj     14      0         0      
       errno.c.obj                    8       0         4      
       _lock.c.obj                    2       0         8      
       exit.c.obj                     4       0         0      
       pre_init.c.obj                 4       0         0      
       div0.asm.obj                   2       0         0      
    +--+------------------------------+-------+---------+---------+
       Total:                         8671    257       20     
                                                               
       Heap:                          0       0         4096   
       Stack:                         0       0         4096   
       Linker Generated:              0       76        0      
    +--+------------------------------+-------+---------+---------+
       Grand Total:                   14247   976       8977   


LINKER GENERATED COPY TABLES

__TI_cinit_table @ 00003b70 records: 3, size/record: 8, table size: 24
	.data: load addr=00003b38, load size=00000018 bytes, run addr=200022e0, run size=00000035 bytes, compression=lzss
	.bss: load addr=00003b60, load size=00000008 bytes, run addr=20002270, run size=00000070 bytes, compression=zero_init
	.vtable: load addr=00003b68, load size=00000008 bytes, run addr=20000000, run size=0000026c bytes, compression=zero_init


LINKER GENERATED HANDLER TABLE

__TI_handler_table @ 00003b50 records: 3, size/record: 4, table size: 12
	index: 0, handler: __TI_zero_init
	index: 1, handler: __TI_decompress_lzss
	index: 2, handler: __TI_decompress_none


GLOBAL SYMBOLS: SORTED ALPHABETICALLY BY Name 

address   name                          
-------   ----                          
00003a19  C$$EXIT                       
000039ed  CPUcpsie                      
00000bc3  GPIOF_Handler                 
000039bf  IntMasterEnable               
000037c9  IntRegister                   
000039f9  ResetISR                      
20001270  __STACK_END                   
00001000  __STACK_SIZE                  
20000470  __STACK_TOP                   
00001000  __SYSMEM_SIZE                 
00003b70  __TI_CINIT_Base               
00003b88  __TI_CINIT_Limit              
00003b50  __TI_Handler_Table_Base       
00003b5c  __TI_Handler_Table_Limit      
00003695  __TI_auto_init_nobinit_nopinit
000033e9  __TI_decompress_lzss          
000039df  __TI_decompress_none          
0000350b  __TI_ltoa                     
ffffffff  __TI_pprof_out_hndl           
00000e8d  __TI_printfi                  
ffffffff  __TI_prof_data_size           
ffffffff  __TI_prof_data_start          
00000000  __TI_static_base__            
000038b9  __TI_zero_init_nomemset       
00003115  __aeabi_cdcmpeq               
00003115  __aeabi_cdcmple               
0000319b  __aeabi_cdrcmple              
0000337b  __aeabi_d2f                   
0000364d  __aeabi_d2iz                  
000025fb  __aeabi_dadd                  
000028e5  __aeabi_ddiv                  
00002d51  __aeabi_dmul                  
000025f1  __aeabi_dsub                  
00003a05  __aeabi_errno_addr            
00003791  __aeabi_f2d                   
00003861  __aeabi_i2d                   
000027a7  __aeabi_idiv0                 
000027a7  __aeabi_ldiv0                 
00003221  __aeabi_memclr                
00003221  __aeabi_memclr4               
00003221  __aeabi_memclr8               
00002fe3  __aeabi_memcpy                
00002fe3  __aeabi_memcpy4               
00002fe3  __aeabi_memcpy8               
00003223  __aeabi_memset                
00003223  __aeabi_memset4               
00003223  __aeabi_memset8               
0000307f  __aeabi_uldivmod              
ffffffff  __binit__                     
ffffffff  __c_args__                    
UNDEFED   __mpu_init                    
20000270  __stack                       
20000000  __start___llvm_prf_cnts       
20000000  __stop___llvm_prf_cnts        
000037fd  _c_int00_noargs               
00003a1c  _ctypes_                      
20002300  _lock                         
000018db  _nop                          
20002314  _running                      
20001270  _sys_memory                   
UNDEFED   _system_post_cinit            
00003a15  _system_pre_init              
200022dc  _timeout_ticks                
20002304  _unlock                       
00003a19  abort                         
00002c51  aligned_alloc                 
00003601  atoi                          
ffffffff  binit                         
00001b89  bumperLeft                    
00001b15  bumperRight                   
00003759  calloc                        
0000390d  copysign                      
0000390d  copysignl                     
20002310  errno                         
00002e4d  free                          
00003451  frexp                         
00003451  frexpl                        
20000000  g_pfnRAMVectors               
00000000  g_pfnVectors                  
0000097f  go_charge                     
000039cf  lcd_clear                     
00001e15  lcd_gotoLine                  
00001c7d  lcd_init                      
00001e7b  lcd_printf                    
00001d3d  lcd_putc                      
00001d75  lcd_puts                      
00001c41  lcd_reverseNibble             
00001d93  lcd_sendCommand               
00001dd1  lcd_sendNibble                
00001e3d  lcd_setCursorPos              
00002b41  ldexp                         
00002b41  ldexpl                        
000035b1  main                          
00003a0d  malloc                        
00002c51  memalign                      
000038f1  memccpy                       
00002fe3  memcpy                        
00003229  memset                        
200022e0  motor_cal_factor_L            
200022e4  motor_cal_factor_R            
000019a9  move_backward                 
000018dd  move_forward                  
0000026d  oi_alloc                      
00000aa9  oi_checkFirmware              
000002c7  oi_close                      
00000279  oi_free                       
00000ded  oi_getMotorCalibrationLeft    
00000e01  oi_getMotorCalibrationRight   
000002b1  oi_init                       
00000289  oi_init_noupdate              
00000915  oi_loadSong                   
0000393f  oi_parseInt                   
0000032b  oi_parsePacket                
0000096b  oi_play_song                  
0000084b  oi_setLeds                    
00000db1  oi_setMotorCalibration        
0000088f  oi_setWheels                  
00000b51  oi_shutoff_init               
0000098d  oi_uartInit                   
00000a31  oi_uartReceive                
00000a77  oi_uartSendBuff               
00000a15  oi_uartSendChar               
00000a59  oi_uartSendStr                
000002d9  oi_update                     
00002b41  scalbn                        
00002b41  scalbnl                       
0000396f  strchr                        
00003957  strcmp                        
00003985  strcpy                        
00003999  strlen                        
000022f7  timer_getMicros               
0000229f  timer_getMillis               
000021d9  timer_init                    
0000227b  timer_pause                   
0000228d  timer_resume                  
00002251  timer_stop                    
00002351  timer_waitMicros              
00002383  timer_waitMillis              
00001a1d  turn_left                     
00001a99  turn_right                    
000036d9  vsnprintf                     
000039ad  wcslen                        


GLOBAL SYMBOLS: SORTED BY Symbol Address 

address   name                          
-------   ----                          
00000000  __TI_static_base__            
00000000  g_pfnVectors                  
0000026d  oi_alloc                      
00000279  oi_free                       
00000289  oi_init_noupdate              
000002b1  oi_init                       
000002c7  oi_close                      
000002d9  oi_update                     
0000032b  oi_parsePacket                
0000084b  oi_setLeds                    
0000088f  oi_setWheels                  
00000915  oi_loadSong                   
0000096b  oi_play_song                  
0000097f  go_charge                     
0000098d  oi_uartInit                   
00000a15  oi_uartSendChar               
00000a31  oi_uartReceive                
00000a59  oi_uartSendStr                
00000a77  oi_uartSendBuff               
00000aa9  oi_checkFirmware              
00000b51  oi_shutoff_init               
00000bc3  GPIOF_Handler                 
00000db1  oi_setMotorCalibration        
00000ded  oi_getMotorCalibrationLeft    
00000e01  oi_getMotorCalibrationRight   
00000e8d  __TI_printfi                  
00001000  __STACK_SIZE                  
00001000  __SYSMEM_SIZE                 
000018db  _nop                          
000018dd  move_forward                  
000019a9  move_backward                 
00001a1d  turn_left                     
00001a99  turn_right                    
00001b15  bumperRight                   
00001b89  bumperLeft                    
00001c41  lcd_reverseNibble             
00001c7d  lcd_init                      
00001d3d  lcd_putc                      
00001d75  lcd_puts                      
00001d93  lcd_sendCommand               
00001dd1  lcd_sendNibble                
00001e15  lcd_gotoLine                  
00001e3d  lcd_setCursorPos              
00001e7b  lcd_printf                    
000021d9  timer_init                    
00002251  timer_stop                    
0000227b  timer_pause                   
0000228d  timer_resume                  
0000229f  timer_getMillis               
000022f7  timer_getMicros               
00002351  timer_waitMicros              
00002383  timer_waitMillis              
000025f1  __aeabi_dsub                  
000025fb  __aeabi_dadd                  
000027a7  __aeabi_idiv0                 
000027a7  __aeabi_ldiv0                 
000028e5  __aeabi_ddiv                  
00002b41  ldexp                         
00002b41  ldexpl                        
00002b41  scalbn                        
00002b41  scalbnl                       
00002c51  aligned_alloc                 
00002c51  memalign                      
00002d51  __aeabi_dmul                  
00002e4d  free                          
00002fe3  __aeabi_memcpy                
00002fe3  __aeabi_memcpy4               
00002fe3  __aeabi_memcpy8               
00002fe3  memcpy                        
0000307f  __aeabi_uldivmod              
00003115  __aeabi_cdcmpeq               
00003115  __aeabi_cdcmple               
0000319b  __aeabi_cdrcmple              
00003221  __aeabi_memclr                
00003221  __aeabi_memclr4               
00003221  __aeabi_memclr8               
00003223  __aeabi_memset                
00003223  __aeabi_memset4               
00003223  __aeabi_memset8               
00003229  memset                        
0000337b  __aeabi_d2f                   
000033e9  __TI_decompress_lzss          
00003451  frexp                         
00003451  frexpl                        
0000350b  __TI_ltoa                     
000035b1  main                          
00003601  atoi                          
0000364d  __aeabi_d2iz                  
00003695  __TI_auto_init_nobinit_nopinit
000036d9  vsnprintf                     
00003759  calloc                        
00003791  __aeabi_f2d                   
000037c9  IntRegister                   
000037fd  _c_int00_noargs               
00003861  __aeabi_i2d                   
000038b9  __TI_zero_init_nomemset       
000038f1  memccpy                       
0000390d  copysign                      
0000390d  copysignl                     
0000393f  oi_parseInt                   
00003957  strcmp                        
0000396f  strchr                        
00003985  strcpy                        
00003999  strlen                        
000039ad  wcslen                        
000039bf  IntMasterEnable               
000039cf  lcd_clear                     
000039df  __TI_decompress_none          
000039ed  CPUcpsie                      
000039f9  ResetISR                      
00003a05  __aeabi_errno_addr            
00003a0d  malloc                        
00003a15  _system_pre_init              
00003a19  C$$EXIT                       
00003a19  abort                         
00003a1c  _ctypes_                      
00003b50  __TI_Handler_Table_Base       
00003b5c  __TI_Handler_Table_Limit      
00003b70  __TI_CINIT_Base               
00003b88  __TI_CINIT_Limit              
20000000  __start___llvm_prf_cnts       
20000000  __stop___llvm_prf_cnts        
20000000  g_pfnRAMVectors               
20000270  __stack                       
20000470  __STACK_TOP                   
20001270  __STACK_END                   
20001270  _sys_memory                   
200022dc  _timeout_ticks                
200022e0  motor_cal_factor_L            
200022e4  motor_cal_factor_R            
20002300  _lock                         
20002304  _unlock                       
20002310  errno                         
20002314  _running                      
ffffffff  __TI_pprof_out_hndl           
ffffffff  __TI_prof_data_size           
ffffffff  __TI_prof_data_start          
ffffffff  __binit__                     
ffffffff  __c_args__                    
ffffffff  binit                         
UNDEFED   __mpu_init                    
UNDEFED   _system_post_cinit            

[142 symbols]
