******************************************************************************
                  TI ARM Linker PC v20.2.7                     
******************************************************************************
>> Linked Thu Feb 19 00:22:48 2026

OUTPUT FILE NAME:   <Lab3.out>
ENTRY POINT SYMBOL: "_c_int00_noargs"  address: 000043dd


MEMORY CONFIGURATION

         name            origin    length      used     unused   attr    fill
----------------------  --------  ---------  --------  --------  ----  --------
  FLASH                 00000000   00040000  00004788  0003b878  R  X
  SRAM                  20000000   00008000  00002366  00005c9a  RW X


SEGMENT ALLOCATION MAP

run origin  load origin   length   init length attrs members
----------  ----------- ---------- ----------- ----- -------
00000000    00000000    00004788   00004788    r-x
  00000000    00000000    0000026c   0000026c    r-- .intvecs
  0000026c    0000026c    000043b4   000043b4    r-x .text
  00004620    00004620    00000118   00000118    r-- .const
  00004738    00004738    00000050   00000050    r-- .cinit
20000000    20000000    0000236d   00000000    rw-
  20000000    20000000    0000026c   00000000    rw- .vtable
  20000270    20000270    00001000   00000000    rw- .stack
  20001270    20001270    00001000   00000000    rw- .sysmem
  20002270    20002270    000000bd   00000000    rw- .bss
  20002330    20002330    0000003d   00000000    rw- .data


SECTION ALLOCATION MAP

 output                                  attributes/
section   page    origin      length       input sections
--------  ----  ----------  ----------   ----------------
.intvecs   0    00000000    0000026c     
                  00000000    0000026c     tm4c123gh6pm_startup_ccs.obj (.intvecs)

.text      0    0000026c    000043b4     
                  0000026c    00000c20     open_interface.obj (.text)
                  00000e8c    00000a4e     rtsv7M4_T_le_v4SPD16_eabi.lib : _printfi.c.obj (.text:__TI_printfi)
                  000018da    00000002                                   : _lock.c.obj (.text:_nop)
                  000018dc    000003d8     main.obj (.text)
                  00001cb4    00000364     movement.obj (.text)
                  00002018    00000328     lcd.obj (.text)
                  00002340    00000270     rtsv7M4_T_le_v4SPD16_eabi.lib : _printfi.c.obj (.text:_pconv_a)
                  000025b0    00000260     libcybotScan.lib : cyBot_Scan.obj (.text)
                  00002810    00000248     Timer.obj (.text)
                  00002a58    000001ec     libcybotScan.lib : ping.obj (.text)
                  00002c44    000001d0     rtsv7M4_T_le_v4SPD16_eabi.lib : _printfi.c.obj (.text:_pconv_g)
                  00002e14    000001b6                                   : fd_add_t2.asm.obj (.text)
                  00002fca    00000002                                   : div0.asm.obj (.text)
                  00002fcc    0000015c     libcybotUART.lib : uart.obj (.text)
                  00003128    00000158     libcybotScan.lib : servo.obj (.text)
                  00003280    0000013c     rtsv7M4_T_le_v4SPD16_eabi.lib : _printfi.c.obj (.text:_pconv_e)
                  000033bc    00000136                                   : fd_div_t2.asm.obj (.text)
                  000034f2    00000002     --HOLE-- [fill = 0]
                  000034f4    00000124                                   : _printfi.c.obj (.text:fcvt)
                  00003618    00000118     libcybotScan.lib : ir.obj (.text)
                  00003730    00000110     rtsv7M4_T_le_v4SPD16_eabi.lib : s_scalbn.c.obj (.text:scalbn)
                  00003840    00000100                                   : memory.c.obj (.text:aligned_alloc)
                  00003940    000000fc                                   : fd_mul_t2.asm.obj (.text)
                  00003a3c    000000e4                                   : memory.c.obj (.text:free)
                  00003b20    000000b1                                   : _printfi.c.obj (.text:_ltostr)
                  00003bd1    00000001     --HOLE-- [fill = 0]
                  00003bd2    0000009c                                   : memcpy_t2.asm.obj (.text)
                  00003c6e    00000096                                   : ull_div_t2.asm.obj (.text)
                  00003d04    00000086                                   : fd_cmp_t2.asm.obj (.text:__aeabi_cdcmple)
                  00003d8a    00000086                                   : fd_cmp_t2.asm.obj (.text:__aeabi_cdrcmple)
                  00003e10    0000007a                                   : memset_t2.asm.obj (.text)
                  00003e8a    00000002     --HOLE-- [fill = 0]
                  00003e8c    00000070                                   : memory.c.obj (.text:split)
                  00003efc    0000006e                                   : _printfi.c.obj (.text:_mcpy)
                  00003f6a    0000006e                                   : fd_tos_t2.asm.obj (.text)
                  00003fd8    00000068                                   : copy_decompress_lzss.c.obj (.text:decompress:lzss:__TI_decompress_lzss)
                  00004040    00000064                                   : s_frexp.c.obj (.text:frexp)
                  000040a4    00000056                                   : _printfi.c.obj (.text:_pconv_f)
                  000040fa    00000054                                   : _ltoa.c.obj (.text:__TI_ltoa)
                  0000414e    00000052                                   : _printfi.c.obj (.text:_ecpy)
                  000041a0    0000004c                                   : atoi.c.obj (.text:atoi)
                  000041ec    00000048                                   : fd_toi_t2.asm.obj (.text)
                  00004234    00000044                                   : autoinit.c.obj (.text:__TI_auto_init_nobinit_nopinit:__TI_auto_init_nobinit_nopinit)
                  00004278    00000040                                   : sprintf.c.obj (.text:sprintf)
                  000042b8    00000040                                   : vsnprintf.c.obj (.text:vsnprintf)
                  000042f8    0000003e                                   : _printfi.c.obj (.text:_fcpy)
                  00004336    00000002     --HOLE-- [fill = 0]
                  00004338    00000038                                   : memory.c.obj (.text:calloc)
                  00004370    00000038                                   : fs_tod_t2.asm.obj (.text)
                  000043a8    00000034     driverlib.lib : interrupt.obj (.text:IntRegister)
                  000043dc    00000034     rtsv7M4_T_le_v4SPD16_eabi.lib : boot_cortex_m.c.obj (.text:_c_int00_noargs:_c_int00_noargs)
                  00004410    00000030                                   : vsnprintf.c.obj (.text:_outs)
                  00004440    0000002e                                   : i_tofd_t2.asm.obj (.text)
                  0000446e    00000002     --HOLE-- [fill = 0]
                  00004470    00000028                                   : memory.c.obj (.text:free_list_insert)
                  00004498    0000001c                                   : copy_zero_init.c.obj (.text:decompress:ZI:__TI_zero_init_nomemset:__TI_zero_init_nomemset)
                  000044b4    0000001c                                   : memory.c.obj (.text:free_list_remove)
                  000044d0    0000001c                                   : memccpy.c.obj (.text:memccpy)
                  000044ec    0000001a                                   : s_copysign.c.obj (.text:copysign)
                  00004506    00000018                                   : vsnprintf.c.obj (.text:_outc)
                  0000451e    00000018                                   : sprintf.c.obj (.text:_outs)
                  00004536    00000018     open_interface.obj (.text:oi_parseInt)
                  0000454e    00000018     rtsv7M4_T_le_v4SPD16_eabi.lib : strcmp.c.obj (.text:strcmp)
                  00004566    00000016                                   : strchr.c.obj (.text:strchr)
                  0000457c    00000014                                   : strcpy.c.obj (.text:strcpy)
                  00004590    00000014                                   : strlen.c.obj (.text:strlen)
                  000045a4    00000012                                   : wcslen.c.obj (.text:wcslen)
                  000045b6    00000010     driverlib.lib : interrupt.obj (.text:IntMasterEnable)
                  000045c6    00000010     lcd.obj (.text:lcd_clear)
                  000045d6    0000000e     rtsv7M4_T_le_v4SPD16_eabi.lib : copy_decompress_none.c.obj (.text:decompress:none:__TI_decompress_none)
                  000045e4    0000000c     driverlib.lib : cpu.obj (.text:CPUcpsie)
                  000045f0    0000000c     tm4c123gh6pm_startup_ccs.obj (.text)
                  000045fc    0000000a     rtsv7M4_T_le_v4SPD16_eabi.lib : sprintf.c.obj (.text:_outc)
                  00004606    00000002     --HOLE-- [fill = 0]
                  00004608    00000008                                   : errno.c.obj (.text:__aeabi_errno_addr)
                  00004610    00000008                                   : memory.c.obj (.text:malloc)
                  00004618    00000004                                   : pre_init.c.obj (.text:_system_pre_init)
                  0000461c    00000004                                   : exit.c.obj (.text:abort:abort)

.const     0    00004620    00000118     
                  00004620    00000101     rtsv7M4_T_le_v4SPD16_eabi.lib : ctype.c.obj (.const:.string:_ctypes_)
                  00004721    0000000f     open_interface.obj (.const:.string:$P$T0$3)
                  00004730    00000004     lcd.obj (.const:.string:lineAddress$1)
                  00004734    00000004     lcd.obj (.const:.string:lineAddresses$2)

.cinit     0    00004738    00000050     
                  00004738    00000019     (.cinit..data.load) [load image, compression = lzss]
                  00004751    00000003     --HOLE-- [fill = 0]
                  00004754    0000000c     (__TI_handler_table)
                  00004760    00000008     (.cinit..bss.load) [load image, compression = zero_init]
                  00004768    00000008     (.cinit..vtable.load) [load image, compression = zero_init]
                  00004770    00000018     (__TI_cinit_table)

.init_array 
*          0    00000000    00000000     UNINITIALIZED

.vtable    0    20000000    0000026c     UNINITIALIZED
                  20000000    0000026c     driverlib.lib : interrupt.obj (.vtable)

.stack     0    20000270    00001000     UNINITIALIZED
                  20000270    00000004     rtsv7M4_T_le_v4SPD16_eabi.lib : boot_cortex_m.c.obj (.stack)
                  20000274    00000ffc     --HOLE--

.sysmem    0    20001270    00001000     UNINITIALIZED
                  20001270    00000010     rtsv7M4_T_le_v4SPD16_eabi.lib : memory.c.obj (.sysmem)
                  20001280    00000ff0     --HOLE--

.bss       0    20002270    000000bd     UNINITIALIZED
                  20002270    00000054     lcd.obj (.bss:lastbuffer$3)
                  200022c4    00000034     (.common:isr_char_buffer)
                  200022f8    00000018     open_interface.obj (.bss:firmware$2)
                  20002310    00000004     (.common:_timeout_ticks)
                  20002314    00000004     (.common:fallingEdge)
                  20002318    00000004     (.common:isr_int_value)
                  2000231c    00000004     (.common:left_calibration_value)
                  20002320    00000004     (.common:pulseLength)
                  20002324    00000004     (.common:right_calibration_value)
                  20002328    00000004     (.common:risingEdge)
                  2000232c    00000001     (.common:isRisingEdge)

.data      0    20002330    0000003d     UNINITIALIZED
                  20002330    00000020     open_interface.obj (.data)
                  20002350    00000008     rtsv7M4_T_le_v4SPD16_eabi.lib : _lock.c.obj (.data:$O1$$)
                  20002358    00000008                                   : memory.c.obj (.data:$O1$$)
                  20002360    00000004     libcybotScan.lib : cyBot_Scan.obj (.data)
                  20002364    00000004     libcybotUART.lib : uart.obj (.data)
                  20002368    00000004     rtsv7M4_T_le_v4SPD16_eabi.lib : errno.c.obj (.data)
                  2000236c    00000001     Timer.obj (.data)

__llvm_prf_cnts 
*          0    20000000    00000000     UNINITIALIZED

MODULE SUMMARY

       Module                         code    ro data   rw data
       ------                         ----    -------   -------
    .\
       open_interface.obj             3128    15        56     
       main.obj                       984     0         8      
       lcd.obj                        824     8         84     
       movement.obj                   868     0         0      
       tm4c123gh6pm_startup_ccs.obj   12      620       0      
       Timer.obj                      584     0         5      
    +--+------------------------------+-------+---------+---------+
       Total:                         6400    643       153    
                                                               
    ../libcybotScan.lib
       cyBot_Scan.obj                 608     0         4      
       ping.obj                       492     0         13     
       servo.obj                      344     0         0      
       ir.obj                         280     0         4      
    +--+------------------------------+-------+---------+---------+
       Total:                         1724    0         21     
                                                               
    ../libcybotUART.lib
       uart.obj                       348     0         56     
    +--+------------------------------+-------+---------+---------+
       Total:                         348     0         56     
                                                               
    C:/ti/TivaWare_C_Series-2.2.0.295/driverlib/ccs/Debug/driverlib.lib
       interrupt.obj                  68      0         620    
       cpu.obj                        12      0         0      
    +--+------------------------------+-------+---------+---------+
       Total:                         80      0         620    
                                                               
    C:\ti\ccs1271\ccs\tools\compiler\ti-cgt-arm_20.2.7.LTS\lib\rtsv7M4_T_le_v4SPD16_eabi.lib
       _printfi.c.obj                 4851    0         0      
       memory.c.obj                   728     0         8      
       fd_add_t2.asm.obj              438     0         0      
       fd_div_t2.asm.obj              310     0         0      
       s_scalbn.c.obj                 272     0         0      
       fd_cmp_t2.asm.obj              268     0         0      
       ctype.c.obj                    0       257       0      
       fd_mul_t2.asm.obj              252     0         0      
       memcpy_t2.asm.obj              156     0         0      
       ull_div_t2.asm.obj             150     0         0      
       vsnprintf.c.obj                136     0         0      
       memset_t2.asm.obj              122     0         0      
       fd_tos_t2.asm.obj              110     0         0      
       copy_decompress_lzss.c.obj     104     0         0      
       s_frexp.c.obj                  100     0         0      
       sprintf.c.obj                  98      0         0      
       _ltoa.c.obj                    84      0         0      
       atoi.c.obj                     76      0         0      
       fd_toi_t2.asm.obj              72      0         0      
       autoinit.c.obj                 68      0         0      
       fs_tod_t2.asm.obj              56      0         0      
       boot_cortex_m.c.obj            52      0         0      
       i_tofd_t2.asm.obj              46      0         0      
       copy_zero_init.c.obj           28      0         0      
       memccpy.c.obj                  28      0         0      
       s_copysign.c.obj               26      0         0      
       strcmp.c.obj                   24      0         0      
       strchr.c.obj                   22      0         0      
       strcpy.c.obj                   20      0         0      
       strlen.c.obj                   20      0         0      
       wcslen.c.obj                   18      0         0      
       copy_decompress_none.c.obj     14      0         0      
       errno.c.obj                    8       0         4      
       _lock.c.obj                    2       0         8      
       exit.c.obj                     4       0         0      
       pre_init.c.obj                 4       0         0      
       div0.asm.obj                   2       0         0      
    +--+------------------------------+-------+---------+---------+
       Total:                         8769    257       20     
                                                               
       Heap:                          0       0         4096   
       Stack:                         0       0         4096   
       Linker Generated:              0       77        0      
    +--+------------------------------+-------+---------+---------+
       Grand Total:                   17321   977       9062   


LINKER GENERATED COPY TABLES

__TI_cinit_table @ 00004770 records: 3, size/record: 8, table size: 24
	.data: load addr=00004738, load size=00000019 bytes, run addr=20002330, run size=0000003d bytes, compression=lzss
	.bss: load addr=00004760, load size=00000008 bytes, run addr=20002270, run size=000000bd bytes, compression=zero_init
	.vtable: load addr=00004768, load size=00000008 bytes, run addr=20000000, run size=0000026c bytes, compression=zero_init


LINKER GENERATED HANDLER TABLE

__TI_handler_table @ 00004754 records: 3, size/record: 4, table size: 12
	index: 0, handler: __TI_zero_init
	index: 1, handler: __TI_decompress_lzss
	index: 2, handler: __TI_decompress_none


GLOBAL SYMBOLS: SORTED ALPHABETICALLY BY Name 

address   name                          
-------   ----                          
000036b1  ADC0SS0_Handler               
0000461d  C$$EXIT                       
000045e5  CPUcpsie                      
00000bc3  GPIOF_Handler                 
000045b7  IntMasterEnable               
000043a9  IntRegister                   
000045f1  ResetISR                      
00002b49  TIMER3B_Handler               
20001270  __STACK_END                   
00001000  __STACK_SIZE                  
20000470  __STACK_TOP                   
00001000  __SYSMEM_SIZE                 
00004770  __TI_CINIT_Base               
00004788  __TI_CINIT_Limit              
00004754  __TI_Handler_Table_Base       
00004760  __TI_Handler_Table_Limit      
00004235  __TI_auto_init_nobinit_nopinit
00003fd9  __TI_decompress_lzss          
000045d7  __TI_decompress_none          
000040fb  __TI_ltoa                     
ffffffff  __TI_pprof_out_hndl           
00000e8d  __TI_printfi                  
ffffffff  __TI_prof_data_size           
ffffffff  __TI_prof_data_start          
00000000  __TI_static_base__            
00004499  __TI_zero_init_nomemset       
00003d05  __aeabi_cdcmpeq               
00003d05  __aeabi_cdcmple               
00003d8b  __aeabi_cdrcmple              
00003f6b  __aeabi_d2f                   
000041ed  __aeabi_d2iz                  
00002e1f  __aeabi_dadd                  
000033bd  __aeabi_ddiv                  
00003941  __aeabi_dmul                  
00002e15  __aeabi_dsub                  
00004609  __aeabi_errno_addr            
00004371  __aeabi_f2d                   
00004441  __aeabi_i2d                   
00002fcb  __aeabi_idiv0                 
00002fcb  __aeabi_ldiv0                 
00003e11  __aeabi_memclr                
00003e11  __aeabi_memclr4               
00003e11  __aeabi_memclr8               
00003bd3  __aeabi_memcpy                
00003bd3  __aeabi_memcpy4               
00003bd3  __aeabi_memcpy8               
00003e13  __aeabi_memset                
00003e13  __aeabi_memset4               
00003e13  __aeabi_memset8               
00003c6f  __aeabi_uldivmod              
ffffffff  __binit__                     
ffffffff  __c_args__                    
UNDEFED   __mpu_init                    
20000270  __stack                       
20000000  __start___llvm_prf_cnts       
20000000  __stop___llvm_prf_cnts        
000043dd  _c_int00_noargs               
00004620  _ctypes_                      
20002350  _lock                         
000018db  _nop                          
2000236c  _running                      
20001270  _sys_memory                   
UNDEFED   _system_post_cinit            
00004619  _system_pre_init              
20002310  _timeout_ticks                
20002354  _unlock                       
0000461d  abort                         
00003841  aligned_alloc                 
000041a1  atoi                          
ffffffff  binit                         
00001f61  bumperLeft                    
00001eed  bumperRight                   
00004339  calloc                        
000044ed  copysign                      
000044ed  copysignl                     
00002689  cyBOT_SERVO_cal               
00002617  cyBOT_Scan                    
000025bf  cyBOT_init_Scan               
20002360  cyBOT_scan_features           
000025b1  cyBOT_scan_version            
000030d5  cyBot_UART1_Handler           
000030bb  cyBot_getByte                 
00002fcd  cyBot_sendByte                
0000309d  cyBot_uart_flush              
0000300b  cyBot_uart_init               
00002ff3  cyBot_uart_sendBuffer         
00002fd9  cyBot_uart_sendStr            
20002368  errno                         
20002314  fallingEdge                   
00003a3d  free                          
00004041  frexp                         
00004041  frexpl                        
20000000  g_pfnRAMVectors               
00000000  g_pfnVectors                  
0000097f  go_charge                     
000036c7  ir_enableInterrupt            
000036a9  ir_getDistance                
00003681  ir_getValue                   
00003619  ir_init                       
2000232c  isRisingEdge                  
200022c4  isr_char_buffer               
20002364  isr_counter                   
20002318  isr_int_value                 
000045c7  lcd_clear                     
000021ed  lcd_gotoLine                  
00002055  lcd_init                      
00002253  lcd_printf                    
00002115  lcd_putc                      
0000214d  lcd_puts                      
00002019  lcd_reverseNibble             
0000216b  lcd_sendCommand               
000021a9  lcd_sendNibble                
00002215  lcd_setCursorPos              
00003731  ldexp                         
00003731  ldexpl                        
2000231c  left_calibration_value        
000018dd  main                          
00004611  malloc                        
00003841  memalign                      
000044d1  memccpy                       
00003bd3  memcpy                        
00003e19  memset                        
20002330  motor_cal_factor_L            
20002334  motor_cal_factor_R            
00001d81  move_backward                 
00001cb5  move_forward                  
0000026d  oi_alloc                      
00000aa9  oi_checkFirmware              
000002c7  oi_close                      
00000279  oi_free                       
00000ded  oi_getMotorCalibrationLeft    
00000e01  oi_getMotorCalibrationRight   
000002b1  oi_init                       
00000289  oi_init_noupdate              
00000915  oi_loadSong                   
00004537  oi_parseInt                   
0000032b  oi_parsePacket                
0000096b  oi_play_song                  
0000084b  oi_setLeds                    
00000db1  oi_setMotorCalibration        
0000088f  oi_setWheels                  
00000b51  oi_shutoff_init               
0000098d  oi_uartInit                   
00000a31  oi_uartReceive                
00000a77  oi_uartSendBuff               
00000a15  oi_uartSendChar               
00000a59  oi_uartSendStr                
000002d9  oi_update                     
00002b9b  ping_getDistance              
00002a59  ping_init                     
00002adf  ping_trigger                  
20002320  pulseLength                   
20002324  right_calibration_value       
20002328  risingEdge                    
00003731  scalbn                        
00003731  scalbnl                       
00003129  servo_init                    
000031b9  servo_move                    
00003219  servo_setPWM                  
000031ad  servo_stop                    
00004279  sprintf                       
00004567  strchr                        
0000454f  strcmp                        
0000457d  strcpy                        
00004591  strlen                        
0000292f  timer_getMicros               
000028d7  timer_getMillis               
00002811  timer_init                    
000028b3  timer_pause                   
000028c5  timer_resume                  
00002889  timer_stop                    
00002989  timer_waitMicros              
000029bb  timer_waitMillis              
00001df5  turn_left                     
00001e71  turn_right                    
00001bc9  uart_sendString               
000042b9  vsnprintf                     
000045a5  wcslen                        


GLOBAL SYMBOLS: SORTED BY Symbol Address 

address   name                          
-------   ----                          
00000000  __TI_static_base__            
00000000  g_pfnVectors                  
0000026d  oi_alloc                      
00000279  oi_free                       
00000289  oi_init_noupdate              
000002b1  oi_init                       
000002c7  oi_close                      
000002d9  oi_update                     
0000032b  oi_parsePacket                
0000084b  oi_setLeds                    
0000088f  oi_setWheels                  
00000915  oi_loadSong                   
0000096b  oi_play_song                  
0000097f  go_charge                     
0000098d  oi_uartInit                   
00000a15  oi_uartSendChar               
00000a31  oi_uartReceive                
00000a59  oi_uartSendStr                
00000a77  oi_uartSendBuff               
00000aa9  oi_checkFirmware              
00000b51  oi_shutoff_init               
00000bc3  GPIOF_Handler                 
00000db1  oi_setMotorCalibration        
00000ded  oi_getMotorCalibrationLeft    
00000e01  oi_getMotorCalibrationRight   
00000e8d  __TI_printfi                  
00001000  __STACK_SIZE                  
00001000  __SYSMEM_SIZE                 
000018db  _nop                          
000018dd  main                          
00001bc9  uart_sendString               
00001cb5  move_forward                  
00001d81  move_backward                 
00001df5  turn_left                     
00001e71  turn_right                    
00001eed  bumperRight                   
00001f61  bumperLeft                    
00002019  lcd_reverseNibble             
00002055  lcd_init                      
00002115  lcd_putc                      
0000214d  lcd_puts                      
0000216b  lcd_sendCommand               
000021a9  lcd_sendNibble                
000021ed  lcd_gotoLine                  
00002215  lcd_setCursorPos              
00002253  lcd_printf                    
000025b1  cyBOT_scan_version            
000025bf  cyBOT_init_Scan               
00002617  cyBOT_Scan                    
00002689  cyBOT_SERVO_cal               
00002811  timer_init                    
00002889  timer_stop                    
000028b3  timer_pause                   
000028c5  timer_resume                  
000028d7  timer_getMillis               
0000292f  timer_getMicros               
00002989  timer_waitMicros              
000029bb  timer_waitMillis              
00002a59  ping_init                     
00002adf  ping_trigger                  
00002b49  TIMER3B_Handler               
00002b9b  ping_getDistance              
00002e15  __aeabi_dsub                  
00002e1f  __aeabi_dadd                  
00002fcb  __aeabi_idiv0                 
00002fcb  __aeabi_ldiv0                 
00002fcd  cyBot_sendByte                
00002fd9  cyBot_uart_sendStr            
00002ff3  cyBot_uart_sendBuffer         
0000300b  cyBot_uart_init               
0000309d  cyBot_uart_flush              
000030bb  cyBot_getByte                 
000030d5  cyBot_UART1_Handler           
00003129  servo_init                    
000031ad  servo_stop                    
000031b9  servo_move                    
00003219  servo_setPWM                  
000033bd  __aeabi_ddiv                  
00003619  ir_init                       
00003681  ir_getValue                   
000036a9  ir_getDistance                
000036b1  ADC0SS0_Handler               
000036c7  ir_enableInterrupt            
00003731  ldexp                         
00003731  ldexpl                        
00003731  scalbn                        
00003731  scalbnl                       
00003841  aligned_alloc                 
00003841  memalign                      
00003941  __aeabi_dmul                  
00003a3d  free                          
00003bd3  __aeabi_memcpy                
00003bd3  __aeabi_memcpy4               
00003bd3  __aeabi_memcpy8               
00003bd3  memcpy                        
00003c6f  __aeabi_uldivmod              
00003d05  __aeabi_cdcmpeq               
00003d05  __aeabi_cdcmple               
00003d8b  __aeabi_cdrcmple              
00003e11  __aeabi_memclr                
00003e11  __aeabi_memclr4               
00003e11  __aeabi_memclr8               
00003e13  __aeabi_memset                
00003e13  __aeabi_memset4               
00003e13  __aeabi_memset8               
00003e19  memset                        
00003f6b  __aeabi_d2f                   
00003fd9  __TI_decompress_lzss          
00004041  frexp                         
00004041  frexpl                        
000040fb  __TI_ltoa                     
000041a1  atoi                          
000041ed  __aeabi_d2iz                  
00004235  __TI_auto_init_nobinit_nopinit
00004279  sprintf                       
000042b9  vsnprintf                     
00004339  calloc                        
00004371  __aeabi_f2d                   
000043a9  IntRegister                   
000043dd  _c_int00_noargs               
00004441  __aeabi_i2d                   
00004499  __TI_zero_init_nomemset       
000044d1  memccpy                       
000044ed  copysign                      
000044ed  copysignl                     
00004537  oi_parseInt                   
0000454f  strcmp                        
00004567  strchr                        
0000457d  strcpy                        
00004591  strlen                        
000045a5  wcslen                        
000045b7  IntMasterEnable               
000045c7  lcd_clear                     
000045d7  __TI_decompress_none          
000045e5  CPUcpsie                      
000045f1  ResetISR                      
00004609  __aeabi_errno_addr            
00004611  malloc                        
00004619  _system_pre_init              
0000461d  C$$EXIT                       
0000461d  abort                         
00004620  _ctypes_                      
00004754  __TI_Handler_Table_Base       
00004760  __TI_Handler_Table_Limit      
00004770  __TI_CINIT_Base               
00004788  __TI_CINIT_Limit              
20000000  __start___llvm_prf_cnts       
20000000  __stop___llvm_prf_cnts        
20000000  g_pfnRAMVectors               
20000270  __stack                       
20000470  __STACK_TOP                   
20001270  __STACK_END                   
20001270  _sys_memory                   
200022c4  isr_char_buffer               
20002310  _timeout_ticks                
20002314  fallingEdge                   
20002318  isr_int_value                 
2000231c  left_calibration_value        
20002320  pulseLength                   
20002324  right_calibration_value       
20002328  risingEdge                    
2000232c  isRisingEdge                  
20002330  motor_cal_factor_L            
20002334  motor_cal_factor_R            
20002350  _lock                         
20002354  _unlock                       
20002360  cyBOT_scan_features           
20002364  isr_counter                   
20002368  errno                         
2000236c  _running                      
ffffffff  __TI_pprof_out_hndl           
ffffffff  __TI_prof_data_size           
ffffffff  __TI_prof_data_start          
ffffffff  __binit__                     
ffffffff  __c_args__                    
ffffffff  binit                         
UNDEFED   __mpu_init                    
UNDEFED   _system_post_cinit            

[178 symbols]
