******************************************************************************
                  TI ARM Linker PC v20.2.7                     
******************************************************************************
>> Linked Fri Mar  6 14:22:41 2026

OUTPUT FILE NAME:   <Lab5.out>
ENTRY POINT SYMBOL: "_c_int00_noargs"  address: 000027e1


MEMORY CONFIGURATION

         name            origin    length      used     unused   attr    fill
----------------------  --------  ---------  --------  --------  ----  --------
  FLASH                 00000000   00040000  00002ac9  0003d537  R  X
  SRAM                  20000000   00008000  000022ca  00005d36  RW X


SEGMENT ALLOCATION MAP

run origin  load origin   length   init length attrs members
----------  ----------- ---------- ----------- ----- -------
00000000    00000000    00002ad0   00002ad0    r-x
  00000000    00000000    0000026c   0000026c    r-- .intvecs
  0000026c    0000026c    00002714   00002714    r-x .text
  00002980    00002980    00000109   00000109    r-- .const
  00002a90    00002a90    00000040   00000040    r-- .cinit
20000000    20000000    000022ce   00000000    rw-
  20000000    20000000    0000026c   00000000    rw- .vtable
  20000270    20000270    00001000   00000000    rw- .stack
  20001270    20001270    00001000   00000000    rw- .sysmem
  20002270    20002270    00000058   00000000    rw- .bss
  200022c8    200022c8    00000006   00000000    rw- .data


SECTION ALLOCATION MAP

 output                                  attributes/
section   page    origin      length       input sections
--------  ----  ----------  ----------   ----------------
.intvecs   0    00000000    0000026c     
                  00000000    0000026c     tm4c123gh6pm_startup_ccs2.obj (.intvecs)

.text      0    0000026c    00002714     
                  0000026c    00000a4e     rtsv7M4_T_le_v4SPD16_eabi.lib : _printfi.c.obj (.text:__TI_printfi)
                  00000cba    00000002                                   : div0.asm.obj (.text)
                  00000cbc    00000328     lcd.obj (.text)
                  00000fe4    00000270     rtsv7M4_T_le_v4SPD16_eabi.lib : _printfi.c.obj (.text:_pconv_a)
                  00001254    00000248     Timer.obj (.text)
                  0000149c    000001d0     rtsv7M4_T_le_v4SPD16_eabi.lib : _printfi.c.obj (.text:_pconv_g)
                  0000166c    000001b6                                   : fd_add_t2.asm.obj (.text)
                  00001822    00000002     --HOLE-- [fill = 0]
                  00001824    0000013c                                   : _printfi.c.obj (.text:_pconv_e)
                  00001960    00000136                                   : fd_div_t2.asm.obj (.text)
                  00001a96    00000002     --HOLE-- [fill = 0]
                  00001a98    00000124                                   : _printfi.c.obj (.text:fcvt)
                  00001bbc    0000011a     main.obj (.text)
                  00001cd6    00000002     --HOLE-- [fill = 0]
                  00001cd8    00000110     rtsv7M4_T_le_v4SPD16_eabi.lib : s_scalbn.c.obj (.text:scalbn)
                  00001de8    00000104     uart.obj (.text)
                  00001eec    000000fc     rtsv7M4_T_le_v4SPD16_eabi.lib : fd_mul_t2.asm.obj (.text)
                  00001fe8    000000cc     button.obj (.text)
                  000020b4    000000b1     rtsv7M4_T_le_v4SPD16_eabi.lib : _printfi.c.obj (.text:_ltostr)
                  00002165    00000001     --HOLE-- [fill = 0]
                  00002166    0000009c                                   : memcpy_t2.asm.obj (.text)
                  00002202    00000096                                   : ull_div_t2.asm.obj (.text)
                  00002298    00000086                                   : fd_cmp_t2.asm.obj (.text:__aeabi_cdcmple)
                  0000231e    00000086                                   : fd_cmp_t2.asm.obj (.text:__aeabi_cdrcmple)
                  000023a4    0000007a                                   : memset_t2.asm.obj (.text)
                  0000241e    0000006e                                   : _printfi.c.obj (.text:_mcpy)
                  0000248c    00000068                                   : copy_decompress_lzss.c.obj (.text:decompress:lzss:__TI_decompress_lzss)
                  000024f4    00000064                                   : s_frexp.c.obj (.text:frexp)
                  00002558    00000056                                   : _printfi.c.obj (.text:_pconv_f)
                  000025ae    00000054                                   : _ltoa.c.obj (.text:__TI_ltoa)
                  00002602    00000052                                   : _printfi.c.obj (.text:_ecpy)
                  00002654    0000004c                                   : atoi.c.obj (.text:atoi)
                  000026a0    00000048                                   : fd_toi_t2.asm.obj (.text)
                  000026e8    00000044                                   : autoinit.c.obj (.text:__TI_auto_init_nobinit_nopinit:__TI_auto_init_nobinit_nopinit)
                  0000272c    00000040                                   : vsnprintf.c.obj (.text:vsnprintf)
                  0000276c    0000003e                                   : _printfi.c.obj (.text:_fcpy)
                  000027aa    00000002     --HOLE-- [fill = 0]
                  000027ac    00000034     driverlib.lib : interrupt.obj (.text:IntRegister)
                  000027e0    00000034     rtsv7M4_T_le_v4SPD16_eabi.lib : boot_cortex_m.c.obj (.text:_c_int00_noargs:_c_int00_noargs)
                  00002814    00000030                                   : vsnprintf.c.obj (.text:_outs)
                  00002844    0000002e                                   : i_tofd_t2.asm.obj (.text)
                  00002872    0000001c                                   : copy_zero_init.c.obj (.text:decompress:ZI:__TI_zero_init_nomemset:__TI_zero_init_nomemset)
                  0000288e    0000001c                                   : memccpy.c.obj (.text:memccpy)
                  000028aa    0000001a                                   : s_copysign.c.obj (.text:copysign)
                  000028c4    00000018                                   : vsnprintf.c.obj (.text:_outc)
                  000028dc    00000018                                   : strcmp.c.obj (.text:strcmp)
                  000028f4    00000016                                   : strchr.c.obj (.text:strchr)
                  0000290a    00000014                                   : strcpy.c.obj (.text:strcpy)
                  0000291e    00000014                                   : strlen.c.obj (.text:strlen)
                  00002932    00000012                                   : wcslen.c.obj (.text:wcslen)
                  00002944    00000010     lcd.obj (.text:lcd_clear)
                  00002954    0000000e     rtsv7M4_T_le_v4SPD16_eabi.lib : copy_decompress_none.c.obj (.text:decompress:none:__TI_decompress_none)
                  00002962    0000000c     tm4c123gh6pm_startup_ccs2.obj (.text)
                  0000296e    00000002     --HOLE-- [fill = 0]
                  00002970    00000008     rtsv7M4_T_le_v4SPD16_eabi.lib : errno.c.obj (.text:__aeabi_errno_addr)
                  00002978    00000004                                   : pre_init.c.obj (.text:_system_pre_init)
                  0000297c    00000004                                   : exit.c.obj (.text:abort:abort)

.const     0    00002980    00000109     
                  00002980    00000101     rtsv7M4_T_le_v4SPD16_eabi.lib : ctype.c.obj (.const:.string:_ctypes_)
                  00002a81    00000004     lcd.obj (.const:.string:lineAddress$1)
                  00002a85    00000004     lcd.obj (.const:.string:lineAddresses$2)

.cinit     0    00002a90    00000040     
                  00002a90    0000000c     (__TI_handler_table)
                  00002a9c    00000004     --HOLE-- [fill = 0]
                  00002aa0    00000008     (.cinit..bss.load) [load image, compression = zero_init]
                  00002aa8    00000008     (.cinit..vtable.load) [load image, compression = zero_init]
                  00002ab0    00000007     (.cinit..data.load) [load image, compression = lzss]
                  00002ab7    00000001     --HOLE-- [fill = 0]
                  00002ab8    00000018     (__TI_cinit_table)

.init_array 
*          0    00000000    00000000     UNINITIALIZED

.vtable    0    20000000    0000026c     UNINITIALIZED
                  20000000    0000026c     driverlib.lib : interrupt.obj (.vtable)

.stack     0    20000270    00001000     UNINITIALIZED
                  20000270    00000004     rtsv7M4_T_le_v4SPD16_eabi.lib : boot_cortex_m.c.obj (.stack)
                  20000274    00000ffc     --HOLE--

.sysmem    0    20001270    00001000     UNINITIALIZED
                  20001270    00000010     rtsv7M4_T_le_v4SPD16_eabi.lib : memory.c.obj (.sysmem)
                  20001280    00000ff0     --HOLE--

.bss       0    20002270    00000058     UNINITIALIZED
                  20002270    00000054     lcd.obj (.bss:lastbuffer$3)
                  200022c4    00000004     (.common:_timeout_ticks)

.data      0    200022c8    00000006     UNINITIALIZED
                  200022c8    00000004     rtsv7M4_T_le_v4SPD16_eabi.lib : errno.c.obj (.data)
                  200022cc    00000001     Timer.obj (.data)
                  200022cd    00000001     button.obj (.data)

__llvm_prf_cnts 
*          0    20000000    00000000     UNINITIALIZED

MODULE SUMMARY

       Module                          code   ro data   rw data
       ------                          ----   -------   -------
    .\
       lcd.obj                         824    8         84     
       tm4c123gh6pm_startup_ccs2.obj   12     620       0      
       Timer.obj                       584    0         5      
       main.obj                        282    0         0      
       uart.obj                        260    0         0      
       button.obj                      204    0         1      
    +--+-------------------------------+------+---------+---------+
       Total:                          2166   628       90     
                                                               
    C:/ti/TivaWare_C_Series-2.2.0.295/driverlib/ccs/Debug/driverlib.lib
       interrupt.obj                   52     0         620    
    +--+-------------------------------+------+---------+---------+
       Total:                          52     0         620    
                                                               
    C:\ti\ccs1271\ccs\tools\compiler\ti-cgt-arm_20.2.7.LTS\lib\rtsv7M4_T_le_v4SPD16_eabi.lib
       _printfi.c.obj                  4851   0         0      
       fd_add_t2.asm.obj               438    0         0      
       fd_div_t2.asm.obj               310    0         0      
       s_scalbn.c.obj                  272    0         0      
       fd_cmp_t2.asm.obj               268    0         0      
       ctype.c.obj                     0      257       0      
       fd_mul_t2.asm.obj               252    0         0      
       memcpy_t2.asm.obj               156    0         0      
       ull_div_t2.asm.obj              150    0         0      
       vsnprintf.c.obj                 136    0         0      
       memset_t2.asm.obj               122    0         0      
       copy_decompress_lzss.c.obj      104    0         0      
       s_frexp.c.obj                   100    0         0      
       _ltoa.c.obj                     84     0         0      
       atoi.c.obj                      76     0         0      
       fd_toi_t2.asm.obj               72     0         0      
       autoinit.c.obj                  68     0         0      
       boot_cortex_m.c.obj             52     0         0      
       i_tofd_t2.asm.obj               46     0         0      
       copy_zero_init.c.obj            28     0         0      
       memccpy.c.obj                   28     0         0      
       s_copysign.c.obj                26     0         0      
       strcmp.c.obj                    24     0         0      
       strchr.c.obj                    22     0         0      
       strcpy.c.obj                    20     0         0      
       strlen.c.obj                    20     0         0      
       wcslen.c.obj                    18     0         0      
       copy_decompress_none.c.obj      14     0         0      
       errno.c.obj                     8      0         4      
       exit.c.obj                      4      0         0      
       pre_init.c.obj                  4      0         0      
       div0.asm.obj                    2      0         0      
    +--+-------------------------------+------+---------+---------+
       Total:                          7775   257       4      
                                                               
       Heap:                           0      0         4096   
       Stack:                          0      0         4096   
       Linker Generated:               0      59        0      
    +--+-------------------------------+------+---------+---------+
       Grand Total:                    9993   944       8906   


LINKER GENERATED COPY TABLES

__TI_cinit_table @ 00002ab8 records: 3, size/record: 8, table size: 24
	.bss: load addr=00002aa0, load size=00000008 bytes, run addr=20002270, run size=00000058 bytes, compression=zero_init
	.vtable: load addr=00002aa8, load size=00000008 bytes, run addr=20000000, run size=0000026c bytes, compression=zero_init
	.data: load addr=00002ab0, load size=00000007 bytes, run addr=200022c8, run size=00000006 bytes, compression=lzss


LINKER GENERATED HANDLER TABLE

__TI_handler_table @ 00002a90 records: 3, size/record: 4, table size: 12
	index: 0, handler: __TI_zero_init
	index: 1, handler: __TI_decompress_lzss
	index: 2, handler: __TI_decompress_none


GLOBAL SYMBOLS: SORTED ALPHABETICALLY BY Name 

address   name                          
-------   ----                          
0000297d  C$$EXIT                       
000027ad  IntRegister                   
00002963  ResetISR                      
20001270  __STACK_END                   
00001000  __STACK_SIZE                  
20000470  __STACK_TOP                   
00001000  __SYSMEM_SIZE                 
00002ab8  __TI_CINIT_Base               
00002ad0  __TI_CINIT_Limit              
00002a90  __TI_Handler_Table_Base       
00002a9c  __TI_Handler_Table_Limit      
000026e9  __TI_auto_init_nobinit_nopinit
0000248d  __TI_decompress_lzss          
00002955  __TI_decompress_none          
000025af  __TI_ltoa                     
ffffffff  __TI_pprof_out_hndl           
0000026d  __TI_printfi                  
ffffffff  __TI_prof_data_size           
ffffffff  __TI_prof_data_start          
00000000  __TI_static_base__            
00002873  __TI_zero_init_nomemset       
00002299  __aeabi_cdcmpeq               
00002299  __aeabi_cdcmple               
0000231f  __aeabi_cdrcmple              
000026a1  __aeabi_d2iz                  
00001677  __aeabi_dadd                  
00001961  __aeabi_ddiv                  
00001eed  __aeabi_dmul                  
0000166d  __aeabi_dsub                  
00002971  __aeabi_errno_addr            
00002845  __aeabi_i2d                   
00000cbb  __aeabi_idiv0                 
00000cbb  __aeabi_ldiv0                 
000023a5  __aeabi_memclr                
000023a5  __aeabi_memclr4               
000023a5  __aeabi_memclr8               
00002167  __aeabi_memcpy                
00002167  __aeabi_memcpy4               
00002167  __aeabi_memcpy8               
000023a7  __aeabi_memset                
000023a7  __aeabi_memset4               
000023a7  __aeabi_memset8               
00002203  __aeabi_uldivmod              
ffffffff  __binit__                     
ffffffff  __c_args__                    
UNDEFED   __mpu_init                    
20000270  __stack                       
20000000  __start___llvm_prf_cnts       
20000000  __stop___llvm_prf_cnts        
000027e1  _c_int00_noargs               
00002980  _ctypes_                      
200022cc  _running                      
20001270  _sys_memory                   
UNDEFED   _system_post_cinit            
00002979  _system_pre_init              
200022c4  _timeout_ticks                
0000297d  abort                         
00002655  atoi                          
ffffffff  binit                         
00002045  button_getButton              
00001fe9  button_init                   
000028ab  copysign                      
000028ab  copysignl                     
200022c8  errno                         
000024f5  frexp                         
000024f5  frexpl                        
20000000  g_pfnRAMVectors               
00000000  g_pfnVectors                  
00002945  lcd_clear                     
00000e91  lcd_gotoLine                  
00000cf9  lcd_init                      
00000ef7  lcd_printf                    
00000db9  lcd_putc                      
00000df1  lcd_puts                      
00000cbd  lcd_reverseNibble             
00000e0f  lcd_sendCommand               
00000e4d  lcd_sendNibble                
00000eb9  lcd_setCursorPos              
00001cd9  ldexp                         
00001cd9  ldexpl                        
00001bbd  main                          
0000288f  memccpy                       
00002167  memcpy                        
000023ad  memset                        
00001cd9  scalbn                        
00001cd9  scalbnl                       
000028f5  strchr                        
000028dd  strcmp                        
0000290b  strcpy                        
0000291f  strlen                        
00001373  timer_getMicros               
0000131b  timer_getMillis               
00001255  timer_init                    
000012f7  timer_pause                   
00001309  timer_resume                  
000012cd  timer_stop                    
000013cd  timer_waitMicros              
000013ff  timer_waitMillis              
00001de9  uart_init                     
00001e85  uart_receive                  
00001e69  uart_sendChar                 
00001e95  uart_sendStr                  
0000272d  vsnprintf                     
00002933  wcslen                        


GLOBAL SYMBOLS: SORTED BY Symbol Address 

address   name                          
-------   ----                          
00000000  __TI_static_base__            
00000000  g_pfnVectors                  
0000026d  __TI_printfi                  
00000cbb  __aeabi_idiv0                 
00000cbb  __aeabi_ldiv0                 
00000cbd  lcd_reverseNibble             
00000cf9  lcd_init                      
00000db9  lcd_putc                      
00000df1  lcd_puts                      
00000e0f  lcd_sendCommand               
00000e4d  lcd_sendNibble                
00000e91  lcd_gotoLine                  
00000eb9  lcd_setCursorPos              
00000ef7  lcd_printf                    
00001000  __STACK_SIZE                  
00001000  __SYSMEM_SIZE                 
00001255  timer_init                    
000012cd  timer_stop                    
000012f7  timer_pause                   
00001309  timer_resume                  
0000131b  timer_getMillis               
00001373  timer_getMicros               
000013cd  timer_waitMicros              
000013ff  timer_waitMillis              
0000166d  __aeabi_dsub                  
00001677  __aeabi_dadd                  
00001961  __aeabi_ddiv                  
00001bbd  main                          
00001cd9  ldexp                         
00001cd9  ldexpl                        
00001cd9  scalbn                        
00001cd9  scalbnl                       
00001de9  uart_init                     
00001e69  uart_sendChar                 
00001e85  uart_receive                  
00001e95  uart_sendStr                  
00001eed  __aeabi_dmul                  
00001fe9  button_init                   
00002045  button_getButton              
00002167  __aeabi_memcpy                
00002167  __aeabi_memcpy4               
00002167  __aeabi_memcpy8               
00002167  memcpy                        
00002203  __aeabi_uldivmod              
00002299  __aeabi_cdcmpeq               
00002299  __aeabi_cdcmple               
0000231f  __aeabi_cdrcmple              
000023a5  __aeabi_memclr                
000023a5  __aeabi_memclr4               
000023a5  __aeabi_memclr8               
000023a7  __aeabi_memset                
000023a7  __aeabi_memset4               
000023a7  __aeabi_memset8               
000023ad  memset                        
0000248d  __TI_decompress_lzss          
000024f5  frexp                         
000024f5  frexpl                        
000025af  __TI_ltoa                     
00002655  atoi                          
000026a1  __aeabi_d2iz                  
000026e9  __TI_auto_init_nobinit_nopinit
0000272d  vsnprintf                     
000027ad  IntRegister                   
000027e1  _c_int00_noargs               
00002845  __aeabi_i2d                   
00002873  __TI_zero_init_nomemset       
0000288f  memccpy                       
000028ab  copysign                      
000028ab  copysignl                     
000028dd  strcmp                        
000028f5  strchr                        
0000290b  strcpy                        
0000291f  strlen                        
00002933  wcslen                        
00002945  lcd_clear                     
00002955  __TI_decompress_none          
00002963  ResetISR                      
00002971  __aeabi_errno_addr            
00002979  _system_pre_init              
0000297d  C$$EXIT                       
0000297d  abort                         
00002980  _ctypes_                      
00002a90  __TI_Handler_Table_Base       
00002a9c  __TI_Handler_Table_Limit      
00002ab8  __TI_CINIT_Base               
00002ad0  __TI_CINIT_Limit              
20000000  __start___llvm_prf_cnts       
20000000  __stop___llvm_prf_cnts        
20000000  g_pfnRAMVectors               
20000270  __stack                       
20000470  __STACK_TOP                   
20001270  __STACK_END                   
20001270  _sys_memory                   
200022c4  _timeout_ticks                
200022c8  errno                         
200022cc  _running                      
ffffffff  __TI_pprof_out_hndl           
ffffffff  __TI_prof_data_size           
ffffffff  __TI_prof_data_start          
ffffffff  __binit__                     
ffffffff  __c_args__                    
ffffffff  binit                         
UNDEFED   __mpu_init                    
UNDEFED   _system_post_cinit            

[104 symbols]
