******************************************************************************
                  TI ARM Linker PC v20.2.7                     
******************************************************************************
>> Linked Tue Mar 31 22:28:47 2026

OUTPUT FILE NAME:   <Lab7.out>
ENTRY POINT SYMBOL: "_c_int00_noargs"  address: 00005fc5


MEMORY CONFIGURATION

         name            origin    length      used     unused   attr    fill
----------------------  --------  ---------  --------  --------  ----  --------
  FLASH                 00000000   00040000  00006503  00039afd  R  X
  SRAM                  20000000   00008000  0000233a  00005cc6  RW X


SEGMENT ALLOCATION MAP

run origin  load origin   length   init length attrs members
----------  ----------- ---------- ----------- ----- -------
00000000    00000000    00006508   00006508    r-x
  00000000    00000000    0000026c   0000026c    r-- .intvecs
  0000026c    0000026c    00005f9c   00005f9c    r-x .text
  00006208    00006208    000002a3   000002a3    r-- .const
  000064b0    000064b0    00000058   00000058    r-- .cinit
20000000    20000000    00002341   00000000    rw-
  20000000    20000000    0000026c   00000000    rw- .vtable
  20000270    20000270    00001000   00000000    rw- .stack
  20001270    20001270    00001000   00000000    rw- .sysmem
  20002270    20002270    00000089   00000000    rw- .bss
  200022fc    200022fc    00000045   00000000    rw- .data


SECTION ALLOCATION MAP

 output                                  attributes/
section   page    origin      length       input sections
--------  ----  ----------  ----------   ----------------
.intvecs   0    00000000    0000026c     
                  00000000    0000026c     tm4c123gh6pm_startup_ccs2.obj (.intvecs)

.text      0    0000026c    00005f9c     
                  0000026c    00000c14     open_interface.obj (.text)
                  00000e80    00000a4e     rtsv7M4_T_le_v4SPD16_eabi.lib : _printfi.c.obj (.text:__TI_printfi)
                  000018ce    00000002                                   : _lock.c.obj (.text:_nop)
                  000018d0    000009c4     main.obj (.text)
                  00002294    00000738     rtsv7M4_T_le_v4SPD16_eabi.lib : k_rem_pio2.c.obj (.text:__kernel_rem_pio2)
                  000029cc    000005e0                                   : s_sin.c.obj (.text:sin)
                  00002fac    000004e0     movement.obj (.text)
                  0000348c    00000328     rtsv7M4_T_le_v4SPD16_eabi.lib : e_exp.c.obj (.text:exp)
                  000037b4    00000328     lcd.obj (.text)
                  00003adc    00000270     rtsv7M4_T_le_v4SPD16_eabi.lib : _printfi.c.obj (.text:_pconv_a)
                  00003d4c    00000260     libcybotScan.lib : cyBot_Scan.obj (.text)
                  00003fac    00000248     Timer.obj (.text)
                  000041f4    000001ec     libcybotScan.lib : ping.obj (.text)
                  000043e0    000001d0     rtsv7M4_T_le_v4SPD16_eabi.lib : _printfi.c.obj (.text:_pconv_g)
                  000045b0    000001cc     uart-interrupt.obj (.text)
                  0000477c    000001b6     rtsv7M4_T_le_v4SPD16_eabi.lib : fd_add_t2.asm.obj (.text)
                  00004932    00000002                                   : div0.asm.obj (.text)
                  00004934    00000174                                   : k_sin.c.obj (.text:__kernel_sin)
                  00004aa8    00000170                                   : k_cos.c.obj (.text:__kernel_cos)
                  00004c18    00000158     libcybotScan.lib : servo.obj (.text)
                  00004d70    0000013c     rtsv7M4_T_le_v4SPD16_eabi.lib : _printfi.c.obj (.text:_pconv_e)
                  00004eac    00000136                                   : fd_div_t2.asm.obj (.text)
                  00004fe2    00000002     --HOLE-- [fill = 0]
                  00004fe4    00000124                                   : _printfi.c.obj (.text:fcvt)
                  00005108    00000118     libcybotScan.lib : ir.obj (.text)
                  00005220    00000110     rtsv7M4_T_le_v4SPD16_eabi.lib : s_scalbn.c.obj (.text:scalbn)
                  00005330    00000100                                   : memory.c.obj (.text:aligned_alloc)
                  00005430    000000fc                                   : fd_mul_t2.asm.obj (.text)
                  0000552c    000000f8                                   : s_floor.c.obj (.text:floor)
                  00005624    000000e4                                   : memory.c.obj (.text:free)
                  00005708    000000b1                                   : _printfi.c.obj (.text:_ltostr)
                  000057b9    00000001     --HOLE-- [fill = 0]
                  000057ba    0000009c                                   : memcpy_t2.asm.obj (.text)
                  00005856    00000096                                   : ull_div_t2.asm.obj (.text)
                  000058ec    00000086                                   : fd_cmp_t2.asm.obj (.text:__aeabi_cdcmple)
                  00005972    00000086                                   : fd_cmp_t2.asm.obj (.text:__aeabi_cdrcmple)
                  000059f8    0000007a                                   : memset_t2.asm.obj (.text)
                  00005a72    00000002     --HOLE-- [fill = 0]
                  00005a74    00000070                                   : memory.c.obj (.text:split)
                  00005ae4    0000006e                                   : _printfi.c.obj (.text:_mcpy)
                  00005b52    0000006e                                   : fd_tos_t2.asm.obj (.text)
                  00005bc0    00000068                                   : copy_decompress_lzss.c.obj (.text:decompress:lzss:__TI_decompress_lzss)
                  00005c28    00000064                                   : s_frexp.c.obj (.text:frexp)
                  00005c8c    00000056                                   : _printfi.c.obj (.text:_pconv_f)
                  00005ce2    00000054                                   : _ltoa.c.obj (.text:__TI_ltoa)
                  00005d36    00000052                                   : _printfi.c.obj (.text:_ecpy)
                  00005d88    0000004c                                   : atoi.c.obj (.text:atoi)
                  00005dd4    00000048                                   : fd_toi_t2.asm.obj (.text)
                  00005e1c    00000044                                   : autoinit.c.obj (.text:__TI_auto_init_nobinit_nopinit:__TI_auto_init_nobinit_nopinit)
                  00005e60    00000040                                   : sprintf.c.obj (.text:sprintf)
                  00005ea0    00000040                                   : vsnprintf.c.obj (.text:vsnprintf)
                  00005ee0    0000003e                                   : _printfi.c.obj (.text:_fcpy)
                  00005f1e    00000002     --HOLE-- [fill = 0]
                  00005f20    00000038                                   : memory.c.obj (.text:calloc)
                  00005f58    00000038                                   : fs_tod_t2.asm.obj (.text)
                  00005f90    00000034     driverlib.lib : interrupt.obj (.text:IntRegister)
                  00005fc4    00000034     rtsv7M4_T_le_v4SPD16_eabi.lib : boot_cortex_m.c.obj (.text:_c_int00_noargs:_c_int00_noargs)
                  00005ff8    00000030                                   : vsnprintf.c.obj (.text:_outs)
                  00006028    0000002e                                   : i_tofd_t2.asm.obj (.text)
                  00006056    00000002     --HOLE-- [fill = 0]
                  00006058    00000028                                   : memory.c.obj (.text:free_list_insert)
                  00006080    0000001c                                   : copy_zero_init.c.obj (.text:decompress:ZI:__TI_zero_init_nomemset:__TI_zero_init_nomemset)
                  0000609c    0000001c                                   : memory.c.obj (.text:free_list_remove)
                  000060b8    0000001c                                   : memccpy.c.obj (.text:memccpy)
                  000060d4    0000001a                                   : s_copysign.c.obj (.text:copysign)
                  000060ee    00000018                                   : vsnprintf.c.obj (.text:_outc)
                  00006106    00000018                                   : sprintf.c.obj (.text:_outs)
                  0000611e    00000018     open_interface.obj (.text:oi_parseInt)
                  00006136    00000018     rtsv7M4_T_le_v4SPD16_eabi.lib : strcmp.c.obj (.text:strcmp)
                  0000614e    00000016                                   : strchr.c.obj (.text:strchr)
                  00006164    00000014                                   : strcpy.c.obj (.text:strcpy)
                  00006178    00000014                                   : strlen.c.obj (.text:strlen)
                  0000618c    00000012                                   : wcslen.c.obj (.text:wcslen)
                  0000619e    00000010     driverlib.lib : interrupt.obj (.text:IntMasterEnable)
                  000061ae    00000010     lcd.obj (.text:lcd_clear)
                  000061be    0000000e     rtsv7M4_T_le_v4SPD16_eabi.lib : copy_decompress_none.c.obj (.text:decompress:none:__TI_decompress_none)
                  000061cc    0000000c     driverlib.lib : cpu.obj (.text:CPUcpsie)
                  000061d8    0000000c     tm4c123gh6pm_startup_ccs2.obj (.text)
                  000061e4    0000000a     rtsv7M4_T_le_v4SPD16_eabi.lib : sprintf.c.obj (.text:_outc)
                  000061ee    00000002     --HOLE-- [fill = 0]
                  000061f0    00000008                                   : errno.c.obj (.text:__aeabi_errno_addr)
                  000061f8    00000008                                   : memory.c.obj (.text:malloc)
                  00006200    00000004                                   : pre_init.c.obj (.text:_system_pre_init)
                  00006204    00000004                                   : exit.c.obj (.text:abort:abort)

.const     0    00006208    000002a3     
                  00006208    00000158     rtsv7M4_T_le_v4SPD16_eabi.lib : k_rem_pio2.c.obj (.const:$O1$$)
                  00006360    00000101                                   : ctype.c.obj (.const:.string:_ctypes_)
                  00006461    00000004     lcd.obj (.const:.string:lineAddress$1)
                  00006465    00000003     --HOLE-- [fill = 0]
                  00006468    00000030     rtsv7M4_T_le_v4SPD16_eabi.lib : e_exp.c.obj (.const:$O1$$)
                  00006498    0000000f     open_interface.obj (.const:.string:$P$T0$3)
                  000064a7    00000004     lcd.obj (.const:.string:lineAddresses$2)

.cinit     0    000064b0    00000058     
                  000064b0    0000001f     (.cinit..data.load) [load image, compression = lzss]
                  000064cf    00000001     --HOLE-- [fill = 0]
                  000064d0    0000000c     (__TI_handler_table)
                  000064dc    00000004     --HOLE-- [fill = 0]
                  000064e0    00000008     (.cinit..bss.load) [load image, compression = zero_init]
                  000064e8    00000008     (.cinit..vtable.load) [load image, compression = zero_init]
                  000064f0    00000018     (__TI_cinit_table)

.init_array 
*          0    00000000    00000000     UNINITIALIZED

.vtable    0    20000000    0000026c     UNINITIALIZED
                  20000000    0000026c     driverlib.lib : interrupt.obj (.vtable)

.stack     0    20000270    00001000     UNINITIALIZED
                  20000270    00000004     rtsv7M4_T_le_v4SPD16_eabi.lib : boot_cortex_m.c.obj (.stack)
                  20000274    00000ffc     --HOLE--

.sysmem    0    20001270    00001000     UNINITIALIZED
                  20001270    00000010     rtsv7M4_T_le_v4SPD16_eabi.lib : memory.c.obj (.sysmem)
                  20001280    00000ff0     --HOLE--

.bss       0    20002270    00000089     UNINITIALIZED
                  20002270    00000054     lcd.obj (.bss:lastbuffer$3)
                  200022c4    00000018     open_interface.obj (.bss:firmware$2)
                  200022dc    00000004     (.common:_timeout_ticks)
                  200022e0    00000004     (.common:fallingEdge)
                  200022e4    00000004     (.common:isr_int_value)
                  200022e8    00000004     (.common:left_calibration_value)
                  200022ec    00000004     (.common:pulseLength)
                  200022f0    00000004     (.common:right_calibration_value)
                  200022f4    00000004     (.common:risingEdge)
                  200022f8    00000001     (.common:isRisingEdge)

.data      0    200022fc    00000045     UNINITIALIZED
                  200022fc    00000020     open_interface.obj (.data)
                  2000231c    00000008     rtsv7M4_T_le_v4SPD16_eabi.lib : _lock.c.obj (.data:$O1$$)
                  20002324    00000008                                   : memory.c.obj (.data:$O1$$)
                  2000232c    00000008     uart-interrupt.obj (.data)
                  20002334    00000004     libcybotScan.lib : cyBot_Scan.obj (.data)
                  20002338    00000004     movement.obj (.data)
                  2000233c    00000004     rtsv7M4_T_le_v4SPD16_eabi.lib : errno.c.obj (.data)
                  20002340    00000001     Timer.obj (.data)

__llvm_prf_cnts 
*          0    20000000    00000000     UNINITIALIZED

MODULE SUMMARY

       Module                          code    ro data   rw data
       ------                          ----    -------   -------
    .\
       open_interface.obj              3116    15        56     
       main.obj                        2500    0         8      
       movement.obj                    1248    0         4      
       lcd.obj                         824     8         84     
       tm4c123gh6pm_startup_ccs2.obj   12      620       0      
       Timer.obj                       584     0         5      
       uart-interrupt.obj              460     0         8      
    +--+-------------------------------+-------+---------+---------+
       Total:                          8744    643       165    
                                                                
    ../libcybotScan.lib
       cyBot_Scan.obj                  608     0         4      
       ping.obj                        492     0         13     
       servo.obj                       344     0         0      
       ir.obj                          280     0         4      
    +--+-------------------------------+-------+---------+---------+
       Total:                          1724    0         21     
                                                                
    C:/ti/TivaWare_C_Series-2.2.0.295/driverlib/ccs/Debug/driverlib.lib
       interrupt.obj                   68      0         620    
       cpu.obj                         12      0         0      
    +--+-------------------------------+-------+---------+---------+
       Total:                          80      0         620    
                                                                
    C:\ti\ccs1271\ccs\tools\compiler\ti-cgt-arm_20.2.7.LTS\lib\rtsv7M4_T_le_v4SPD16_eabi.lib
       _printfi.c.obj                  4851    0         0      
       k_rem_pio2.c.obj                1848    344       0      
       s_sin.c.obj                     1504    0         0      
       e_exp.c.obj                     808     48        0      
       memory.c.obj                    728     0         8      
       fd_add_t2.asm.obj               438     0         0      
       k_sin.c.obj                     372     0         0      
       k_cos.c.obj                     368     0         0      
       fd_div_t2.asm.obj               310     0         0      
       s_scalbn.c.obj                  272     0         0      
       fd_cmp_t2.asm.obj               268     0         0      
       ctype.c.obj                     0       257       0      
       fd_mul_t2.asm.obj               252     0         0      
       s_floor.c.obj                   248     0         0      
       memcpy_t2.asm.obj               156     0         0      
       ull_div_t2.asm.obj              150     0         0      
       vsnprintf.c.obj                 136     0         0      
       memset_t2.asm.obj               122     0         0      
       fd_tos_t2.asm.obj               110     0         0      
       copy_decompress_lzss.c.obj      104     0         0      
       s_frexp.c.obj                   100     0         0      
       sprintf.c.obj                   98      0         0      
       _ltoa.c.obj                     84      0         0      
       atoi.c.obj                      76      0         0      
       fd_toi_t2.asm.obj               72      0         0      
       autoinit.c.obj                  68      0         0      
       fs_tod_t2.asm.obj               56      0         0      
       boot_cortex_m.c.obj             52      0         0      
       i_tofd_t2.asm.obj               46      0         0      
       copy_zero_init.c.obj            28      0         0      
       memccpy.c.obj                   28      0         0      
       s_copysign.c.obj                26      0         0      
       strcmp.c.obj                    24      0         0      
       strchr.c.obj                    22      0         0      
       strcpy.c.obj                    20      0         0      
       strlen.c.obj                    20      0         0      
       wcslen.c.obj                    18      0         0      
       copy_decompress_none.c.obj      14      0         0      
       errno.c.obj                     8       0         4      
       _lock.c.obj                     2       0         8      
       exit.c.obj                      4       0         0      
       pre_init.c.obj                  4       0         0      
       div0.asm.obj                    2       0         0      
    +--+-------------------------------+-------+---------+---------+
       Total:                          13917   649       20     
                                                                
       Heap:                           0       0         4096   
       Stack:                          0       0         4096   
       Linker Generated:               0       83        0      
    +--+-------------------------------+-------+---------+---------+
       Grand Total:                    24465   1375      9018   


LINKER GENERATED COPY TABLES

__TI_cinit_table @ 000064f0 records: 3, size/record: 8, table size: 24
	.data: load addr=000064b0, load size=0000001f bytes, run addr=200022fc, run size=00000045 bytes, compression=lzss
	.bss: load addr=000064e0, load size=00000008 bytes, run addr=20002270, run size=00000089 bytes, compression=zero_init
	.vtable: load addr=000064e8, load size=00000008 bytes, run addr=20000000, run size=0000026c bytes, compression=zero_init


LINKER GENERATED HANDLER TABLE

__TI_handler_table @ 000064d0 records: 3, size/record: 4, table size: 12
	index: 0, handler: __TI_zero_init
	index: 1, handler: __TI_decompress_lzss
	index: 2, handler: __TI_decompress_none


GLOBAL SYMBOLS: SORTED ALPHABETICALLY BY Name 

address   name                          
-------   ----                          
000051a1  ADC0SS0_Handler               
00006205  C$$EXIT                       
000061cd  CPUcpsie                      
00000bb7  GPIOF_Handler                 
0000619f  IntMasterEnable               
00005f91  IntRegister                   
000061d9  ResetISR                      
000042e5  TIMER3B_Handler               
000046d7  UART1_Handler                 
20001270  __STACK_END                   
00001000  __STACK_SIZE                  
20000470  __STACK_TOP                   
00001000  __SYSMEM_SIZE                 
000064f0  __TI_CINIT_Base               
00006508  __TI_CINIT_Limit              
000064d0  __TI_Handler_Table_Base       
000064dc  __TI_Handler_Table_Limit      
00005e1d  __TI_auto_init_nobinit_nopinit
00005bc1  __TI_decompress_lzss          
000061bf  __TI_decompress_none          
00005ce3  __TI_ltoa                     
ffffffff  __TI_pprof_out_hndl           
00000e81  __TI_printfi                  
ffffffff  __TI_prof_data_size           
ffffffff  __TI_prof_data_start          
00000000  __TI_static_base__            
00006081  __TI_zero_init_nomemset       
000058ed  __aeabi_cdcmpeq               
000058ed  __aeabi_cdcmple               
00005973  __aeabi_cdrcmple              
00005b53  __aeabi_d2f                   
00005dd5  __aeabi_d2iz                  
00004787  __aeabi_dadd                  
00004ead  __aeabi_ddiv                  
00005431  __aeabi_dmul                  
0000477d  __aeabi_dsub                  
000061f1  __aeabi_errno_addr            
00005f59  __aeabi_f2d                   
00006029  __aeabi_i2d                   
00004933  __aeabi_idiv0                 
00004933  __aeabi_ldiv0                 
000059f9  __aeabi_memclr                
000059f9  __aeabi_memclr4               
000059f9  __aeabi_memclr8               
000057bb  __aeabi_memcpy                
000057bb  __aeabi_memcpy4               
000057bb  __aeabi_memcpy8               
000059fb  __aeabi_memset                
000059fb  __aeabi_memset4               
000059fb  __aeabi_memset8               
00005857  __aeabi_uldivmod              
ffffffff  __binit__                     
ffffffff  __c_args__                    
00004aa9  __kernel_cos                  
00002295  __kernel_rem_pio2             
00004935  __kernel_sin                  
UNDEFED   __mpu_init                    
20000270  __stack                       
20000000  __start___llvm_prf_cnts       
20000000  __stop___llvm_prf_cnts        
00005fc5  _c_int00_noargs               
00006360  _ctypes_                      
2000231c  _lock                         
000018cf  _nop                          
20002340  _running                      
20001270  _sys_memory                   
UNDEFED   _system_post_cinit            
00006201  _system_pre_init              
200022dc  _timeout_ticks                
20002320  _unlock                       
00006205  abort                         
00005331  aligned_alloc                 
00005d89  atoi                          
00001a37  averagedMean                  
ffffffff  binit                         
00003381  bumperLeft                    
000032a1  bumperRight                   
00005f21  calloc                        
2000232c  command_byte                  
20002330  command_flag                  
000060d5  copysign                      
000060d5  copysignl                     
00003e25  cyBOT_SERVO_cal               
00003db3  cyBOT_Scan                    
00003d5b  cyBOT_init_Scan               
20002334  cyBOT_scan_features           
00003d4d  cyBOT_scan_version            
2000233c  errno                         
0000348d  exp                           
0000348d  expl                          
200022e0  fallingEdge                   
0000552d  floor                         
0000552d  floorl                        
00005625  free                          
00005c29  frexp                         
00005c29  frexpl                        
20000000  g_pfnRAMVectors               
00000000  g_pfnVectors                  
0000097f  go_charge                     
000051b7  ir_enableInterrupt            
00005199  ir_getDistance                
00005171  ir_getValue                   
00005109  ir_init                       
200022f8  isRisingEdge                  
200022e4  isr_int_value                 
000061af  lcd_clear                     
00003989  lcd_gotoLine                  
000037f1  lcd_init                      
000039ef  lcd_printf                    
000038b1  lcd_putc                      
000038e9  lcd_puts                      
000037b5  lcd_reverseNibble             
00003907  lcd_sendCommand               
00003945  lcd_sendNibble                
000039b1  lcd_setCursorPos              
00005221  ldexp                         
00005221  ldexpl                        
200022e8  left_calibration_value        
00001ab5  main                          
000061f9  malloc                        
000018d1  median3                       
00001995  median3Int                    
00005331  memalign                      
000060b9  memccpy                       
000057bb  memcpy                        
00005a01  memset                        
200022fc  motor_cal_factor_L            
20002300  motor_cal_factor_R            
00003121  move_backward                 
00002fad  move_forward                  
0000026d  oi_alloc                      
00000a9d  oi_checkFirmware              
000002c7  oi_close                      
00000279  oi_free                       
00000de1  oi_getMotorCalibrationLeft    
00000df1  oi_getMotorCalibrationRight   
000002b1  oi_init                       
00000289  oi_init_noupdate              
00000915  oi_loadSong                   
0000611f  oi_parseInt                   
0000032b  oi_parsePacket                
0000096b  oi_play_song                  
0000084b  oi_setLeds                    
00000da5  oi_setMotorCalibration        
0000088f  oi_setWheels                  
00000b45  oi_shutoff_init               
00000981  oi_uartInit                   
00000a25  oi_uartReceive                
00000a6b  oi_uartSendBuff               
00000a09  oi_uartSendChar               
00000a4d  oi_uartSendStr                
000002d9  oi_update                     
00004337  ping_getDistance              
000041f5  ping_init                     
0000427b  ping_trigger                  
200022ec  pulseLength                   
00001a07  rawToDistIR                   
20002338  rescan_needed                 
200022f0  right_calibration_value       
200022f4  risingEdge                    
00005221  scalbn                        
00005221  scalbnl                       
00004c19  servo_init                    
00004ca9  servo_move                    
00004d09  servo_setPWM                  
00004c9d  servo_stop                    
000029cd  sin                           
000029cd  sinl                          
00005e61  sprintf                       
0000614f  strchr                        
00006137  strcmp                        
00006165  strcpy                        
00006179  strlen                        
000040cb  timer_getMicros               
00004073  timer_getMillis               
00003fad  timer_init                    
0000404f  timer_pause                   
00004061  timer_resume                  
00004025  timer_stop                    
00004125  timer_waitMicros              
00004157  timer_waitMillis              
00003195  turn_left                     
00003211  turn_right                    
000045b1  uart_interrupt_init           
0000468d  uart_receive                  
000046a1  uart_receive_nonblocking      
00004671  uart_sendChar                 
000046b9  uart_sendStr                  
00005ea1  vsnprintf                     
0000618d  wcslen                        


GLOBAL SYMBOLS: SORTED BY Symbol Address 

address   name                          
-------   ----                          
00000000  __TI_static_base__            
00000000  g_pfnVectors                  
0000026d  oi_alloc                      
00000279  oi_free                       
00000289  oi_init_noupdate              
000002b1  oi_init                       
000002c7  oi_close                      
000002d9  oi_update                     
0000032b  oi_parsePacket                
0000084b  oi_setLeds                    
0000088f  oi_setWheels                  
00000915  oi_loadSong                   
0000096b  oi_play_song                  
0000097f  go_charge                     
00000981  oi_uartInit                   
00000a09  oi_uartSendChar               
00000a25  oi_uartReceive                
00000a4d  oi_uartSendStr                
00000a6b  oi_uartSendBuff               
00000a9d  oi_checkFirmware              
00000b45  oi_shutoff_init               
00000bb7  GPIOF_Handler                 
00000da5  oi_setMotorCalibration        
00000de1  oi_getMotorCalibrationLeft    
00000df1  oi_getMotorCalibrationRight   
00000e81  __TI_printfi                  
00001000  __STACK_SIZE                  
00001000  __SYSMEM_SIZE                 
000018cf  _nop                          
000018d1  median3                       
00001995  median3Int                    
00001a07  rawToDistIR                   
00001a37  averagedMean                  
00001ab5  main                          
00002295  __kernel_rem_pio2             
000029cd  sin                           
000029cd  sinl                          
00002fad  move_forward                  
00003121  move_backward                 
00003195  turn_left                     
00003211  turn_right                    
000032a1  bumperRight                   
00003381  bumperLeft                    
0000348d  exp                           
0000348d  expl                          
000037b5  lcd_reverseNibble             
000037f1  lcd_init                      
000038b1  lcd_putc                      
000038e9  lcd_puts                      
00003907  lcd_sendCommand               
00003945  lcd_sendNibble                
00003989  lcd_gotoLine                  
000039b1  lcd_setCursorPos              
000039ef  lcd_printf                    
00003d4d  cyBOT_scan_version            
00003d5b  cyBOT_init_Scan               
00003db3  cyBOT_Scan                    
00003e25  cyBOT_SERVO_cal               
00003fad  timer_init                    
00004025  timer_stop                    
0000404f  timer_pause                   
00004061  timer_resume                  
00004073  timer_getMillis               
000040cb  timer_getMicros               
00004125  timer_waitMicros              
00004157  timer_waitMillis              
000041f5  ping_init                     
0000427b  ping_trigger                  
000042e5  TIMER3B_Handler               
00004337  ping_getDistance              
000045b1  uart_interrupt_init           
00004671  uart_sendChar                 
0000468d  uart_receive                  
000046a1  uart_receive_nonblocking      
000046b9  uart_sendStr                  
000046d7  UART1_Handler                 
0000477d  __aeabi_dsub                  
00004787  __aeabi_dadd                  
00004933  __aeabi_idiv0                 
00004933  __aeabi_ldiv0                 
00004935  __kernel_sin                  
00004aa9  __kernel_cos                  
00004c19  servo_init                    
00004c9d  servo_stop                    
00004ca9  servo_move                    
00004d09  servo_setPWM                  
00004ead  __aeabi_ddiv                  
00005109  ir_init                       
00005171  ir_getValue                   
00005199  ir_getDistance                
000051a1  ADC0SS0_Handler               
000051b7  ir_enableInterrupt            
00005221  ldexp                         
00005221  ldexpl                        
00005221  scalbn                        
00005221  scalbnl                       
00005331  aligned_alloc                 
00005331  memalign                      
00005431  __aeabi_dmul                  
0000552d  floor                         
0000552d  floorl                        
00005625  free                          
000057bb  __aeabi_memcpy                
000057bb  __aeabi_memcpy4               
000057bb  __aeabi_memcpy8               
000057bb  memcpy                        
00005857  __aeabi_uldivmod              
000058ed  __aeabi_cdcmpeq               
000058ed  __aeabi_cdcmple               
00005973  __aeabi_cdrcmple              
000059f9  __aeabi_memclr                
000059f9  __aeabi_memclr4               
000059f9  __aeabi_memclr8               
000059fb  __aeabi_memset                
000059fb  __aeabi_memset4               
000059fb  __aeabi_memset8               
00005a01  memset                        
00005b53  __aeabi_d2f                   
00005bc1  __TI_decompress_lzss          
00005c29  frexp                         
00005c29  frexpl                        
00005ce3  __TI_ltoa                     
00005d89  atoi                          
00005dd5  __aeabi_d2iz                  
00005e1d  __TI_auto_init_nobinit_nopinit
00005e61  sprintf                       
00005ea1  vsnprintf                     
00005f21  calloc                        
00005f59  __aeabi_f2d                   
00005f91  IntRegister                   
00005fc5  _c_int00_noargs               
00006029  __aeabi_i2d                   
00006081  __TI_zero_init_nomemset       
000060b9  memccpy                       
000060d5  copysign                      
000060d5  copysignl                     
0000611f  oi_parseInt                   
00006137  strcmp                        
0000614f  strchr                        
00006165  strcpy                        
00006179  strlen                        
0000618d  wcslen                        
0000619f  IntMasterEnable               
000061af  lcd_clear                     
000061bf  __TI_decompress_none          
000061cd  CPUcpsie                      
000061d9  ResetISR                      
000061f1  __aeabi_errno_addr            
000061f9  malloc                        
00006201  _system_pre_init              
00006205  C$$EXIT                       
00006205  abort                         
00006360  _ctypes_                      
000064d0  __TI_Handler_Table_Base       
000064dc  __TI_Handler_Table_Limit      
000064f0  __TI_CINIT_Base               
00006508  __TI_CINIT_Limit              
20000000  __start___llvm_prf_cnts       
20000000  __stop___llvm_prf_cnts        
20000000  g_pfnRAMVectors               
20000270  __stack                       
20000470  __STACK_TOP                   
20001270  __STACK_END                   
20001270  _sys_memory                   
200022dc  _timeout_ticks                
200022e0  fallingEdge                   
200022e4  isr_int_value                 
200022e8  left_calibration_value        
200022ec  pulseLength                   
200022f0  right_calibration_value       
200022f4  risingEdge                    
200022f8  isRisingEdge                  
200022fc  motor_cal_factor_L            
20002300  motor_cal_factor_R            
2000231c  _lock                         
20002320  _unlock                       
2000232c  command_byte                  
20002330  command_flag                  
20002334  cyBOT_scan_features           
20002338  rescan_needed                 
2000233c  errno                         
20002340  _running                      
ffffffff  __TI_pprof_out_hndl           
ffffffff  __TI_prof_data_size           
ffffffff  __TI_prof_data_start          
ffffffff  __binit__                     
ffffffff  __c_args__                    
ffffffff  binit                         
UNDEFED   __mpu_init                    
UNDEFED   _system_post_cinit            

[190 symbols]
